2026-10-08T17:49:16.6871321Z Current runner version: '2.337.0'
2026-10-08T17:49:16.6899006Z ##[group]Runner Image Provisioner
2026-10-08T17:49:16.6900165Z Hosted Compute Agent
2026-10-08T17:49:16.6900785Z Version: 20260901.588
2026-10-08T17:49:16.6901397Z Commit: f88ec8081b781fac6c440065ac7ff9e710ce3d0b
2026-10-08T17:49:16.6902127Z Build Date: 2026-09-01T19:56:44Z
2026-10-08T17:49:16.6902785Z Worker ID: {4133b1a5-9344-46e2-8ade-dfa54b5d443b}
2026-10-08T17:49:16.6904411Z Azure Region: westcentralus
2026-10-08T17:49:16.6905221Z ##[endgroup]
2026-10-08T17:49:16.6906937Z ##[group]Operating System
2026-10-08T17:49:16.6907611Z Microsoft Windows Server 2025
2026-10-08T17:49:16.6908210Z 10.0.26100
2026-10-08T17:49:16.6908714Z Datacenter
2026-10-08T17:49:16.6909203Z ##[endgroup]
2026-10-08T17:49:16.6909705Z ##[group]Runner Image
2026-10-08T17:49:16.6910300Z Image: windows-2025-vs2026
2026-10-08T17:49:16.6910884Z Version: 20260925.250.1
2026-10-08T17:49:16.6912498Z Included Software: https://github.com/actions/runner-images/blob/win25-vs2026/20260925.250/images/windows/Windows2025-VS2026-Readme.md
2026-10-08T17:49:16.6914234Z Image Release: https://github.com/actions/runner-images/releases/tag/win25-vs2026%2F20260925.250
2026-10-08T17:49:16.6915294Z ##[endgroup]
2026-10-08T17:49:16.6916350Z ##[group]GITHUB_TOKEN Permissions
2026-10-08T17:49:16.6918695Z Contents: read
2026-10-08T17:49:16.6919256Z Metadata: read
2026-10-08T17:49:16.6919796Z ##[endgroup]
2026-10-08T17:49:16.6922023Z Secret source: Actions
2026-10-08T17:49:16.6922917Z Cache mode: write
2026-10-08T17:49:16.6924667Z Prepare workflow directory
2026-10-08T17:49:16.7340365Z Prepare all required actions
2026-10-08T17:49:16.7391293Z Getting action download info
2026-10-08T17:49:16.9993304Z Download action repository 'actions/checkout@3d3c42e5aac5ba805825da76410c181273ba90b1' (SHA:3d3c42e5aac5ba805825da76410c181273ba90b1)
2026-10-08T17:49:17.1595506Z Download action repository 'actions/setup-python@5fda3b95a4ea91299a34e894583c3862153e4b97' (SHA:5fda3b95a4ea91299a34e894583c3862153e4b97)
2026-10-08T17:49:17.4580051Z Complete job name: check (windows-latest)
2026-10-08T17:49:17.6168653Z ##[group]Run actions/checkout@3d3c42e5aac5ba805825da76410c181273ba90b1
2026-10-08T17:49:17.6169870Z with:
2026-10-08T17:49:17.6170266Z   fetch-depth: 0
2026-10-08T17:49:17.6170689Z   persist-credentials: false
2026-10-08T17:49:17.6171196Z   repository: Muratovnik/gamedesign-skills
2026-10-08T17:49:17.6175859Z   token: ***
2026-10-08T17:49:17.6176253Z   ssh-strict: true
2026-10-08T17:49:17.6177081Z   ssh-user: git
2026-10-08T17:49:17.6177495Z   clean: true
2026-10-08T17:49:17.6177902Z   sparse-checkout-cone-mode: true
2026-10-08T17:49:17.6178397Z   fetch-tags: false
2026-10-08T17:49:17.6178803Z   show-progress: true
2026-10-08T17:49:17.6179212Z   lfs: false
2026-10-08T17:49:17.6179591Z   submodules: false
2026-10-08T17:49:17.6179999Z   set-safe-directory: true
2026-10-08T17:49:17.6180471Z   allow-unsafe-pr-checkout: false
2026-10-08T17:49:17.6181232Z ##[endgroup]
2026-10-08T17:49:17.7849991Z Syncing repository: Muratovnik/gamedesign-skills
2026-10-08T17:49:17.7853566Z ##[group]Getting Git version info
2026-10-08T17:49:17.7855301Z Working directory is 'D:\a\gamedesign-skills\gamedesign-skills'
2026-10-08T17:49:17.8928672Z [command]"C:\Program Files\Git\bin\git.exe" version
2026-10-08T17:49:18.3098244Z git version 2.55.0.windows.5
2026-10-08T17:49:18.3148922Z ##[endgroup]
2026-10-08T17:49:18.3167514Z Temporarily overriding HOME='D:\a\_temp\a2e37f9e-4ab2-435b-91d8-55f0fa710233' before making global git config changes
2026-10-08T17:49:18.3169085Z Adding repository directory to the temporary git global config as a safe directory
2026-10-08T17:49:18.3179597Z [command]"C:\Program Files\Git\bin\git.exe" config --global --add safe.directory D:\a\gamedesign-skills\gamedesign-skills
2026-10-08T17:49:18.3907862Z Deleting the contents of 'D:\a\gamedesign-skills\gamedesign-skills'
2026-10-08T17:49:18.3914467Z ##[group]Determining repository object format
2026-10-08T17:49:18.3918493Z ##[endgroup]
2026-10-08T17:49:18.3919471Z ##[group]Initializing the repository
2026-10-08T17:49:18.3925923Z [command]"C:\Program Files\Git\bin\git.exe" init D:\a\gamedesign-skills\gamedesign-skills
2026-10-08T17:49:18.4915784Z Initialized empty Git repository in D:/a/gamedesign-skills/gamedesign-skills/.git/
2026-10-08T17:49:18.4964806Z [command]"C:\Program Files\Git\bin\git.exe" remote add origin https://github.com/Muratovnik/gamedesign-skills
2026-10-08T17:49:18.5681147Z ##[endgroup]
2026-10-08T17:49:18.5685035Z ##[group]Disabling automatic garbage collection
2026-10-08T17:49:18.5694207Z [command]"C:\Program Files\Git\bin\git.exe" config --local gc.auto 0
2026-10-08T17:49:18.6043008Z ##[endgroup]
2026-10-08T17:49:18.6045609Z ##[group]Setting up auth
2026-10-08T17:49:18.6047563Z Removing SSH command configuration
2026-10-08T17:49:18.6058305Z [command]"C:\Program Files\Git\bin\git.exe" config --local --name-only --get-regexp core\.sshCommand
2026-10-08T17:49:18.6443063Z [command]"C:\Program Files\Git\bin\git.exe" submodule foreach --recursive "sh -c \"git config --local --name-only --get-regexp 'core\.sshCommand' && git config --local --unset-all 'core.sshCommand' || :\""
2026-10-08T17:49:20.4659763Z Removing HTTP extra header
2026-10-08T17:49:20.4672820Z [command]"C:\Program Files\Git\bin\git.exe" config --local --name-only --get-regexp http\.https\:\/\/github\.com\/\.extraheader
2026-10-08T17:49:20.5021018Z [command]"C:\Program Files\Git\bin\git.exe" submodule foreach --recursive "sh -c \"git config --local --name-only --get-regexp 'http\.https\:\/\/github\.com\/\.extraheader' && git config --local --unset-all 'http.https://github.com/.extraheader' || :\""
2026-10-08T17:49:21.1254905Z Removing includeIf entries pointing to credentials config files
2026-10-08T17:49:21.1270232Z [command]"C:\Program Files\Git\bin\git.exe" config --local --name-only --get-regexp ^includeIf\.gitdir:
2026-10-08T17:49:21.1624214Z [command]"C:\Program Files\Git\bin\git.exe" submodule foreach --recursive "git config --local --show-origin --name-only --get-regexp remote.origin.url"
2026-10-08T17:49:21.7388913Z [command]"C:\Program Files\Git\bin\git.exe" config --file D:\a\_temp\git-credentials-c3adccb7-0963-4f82-9940-b048f0f2264f.config http.https://github.com/.extraheader "AUTHORIZATION: basic ***"
2026-10-08T17:49:21.7731211Z [command]"C:\Program Files\Git\bin\git.exe" config --local includeIf.gitdir:D:/a/gamedesign-skills/gamedesign-skills/.git.path D:\a\_temp\git-credentials-c3adccb7-0963-4f82-9940-b048f0f2264f.config
2026-10-08T17:49:21.8069008Z [command]"C:\Program Files\Git\bin\git.exe" config --local includeIf.gitdir:D:/a/gamedesign-skills/gamedesign-skills/.git/worktrees/*.path D:\a\_temp\git-credentials-c3adccb7-0963-4f82-9940-b048f0f2264f.config
2026-10-08T17:49:21.8466805Z [command]"C:\Program Files\Git\bin\git.exe" config --local includeIf.gitdir:/github/workspace/.git.path /github/runner_temp/git-credentials-c3adccb7-0963-4f82-9940-b048f0f2264f.config
2026-10-08T17:49:21.8821251Z [command]"C:\Program Files\Git\bin\git.exe" config --local includeIf.gitdir:/github/workspace/.git/worktrees/*.path /github/runner_temp/git-credentials-c3adccb7-0963-4f82-9940-b048f0f2264f.config
2026-10-08T17:49:21.9198884Z ##[endgroup]
2026-10-08T17:49:21.9199573Z ##[group]Fetching the repository
2026-10-08T17:49:21.9214586Z [command]"C:\Program Files\Git\bin\git.exe" -c protocol.version=2 fetch --no-tags --prune --no-recurse-submodules origin +refs/heads/*:refs/remotes/origin/* +refs/tags/*:refs/tags/* +a06f5336e5805c0cd84c924ca3aefdc658dc8401:refs/remotes/pull/2/merge
2026-10-08T17:49:23.6931252Z From https://github.com/Muratovnik/gamedesign-skills
2026-10-08T17:49:23.6933187Z  * [new branch]      feat/research-backed-design-tools        -> origin/feat/research-backed-design-tools
2026-10-08T17:49:23.6934538Z  * [new branch]      main                                     -> origin/main
2026-10-08T17:49:23.6935866Z  * [new branch]      review/game-design-correction-2026-10-08 -> origin/review/game-design-correction-2026-10-08
2026-10-08T17:49:23.6938675Z  * [new tag]         v0.1.0                                   -> v0.1.0
2026-10-08T17:49:23.6939766Z  * [new tag]         v0.1.1                                   -> v0.1.1
2026-10-08T17:49:23.6940419Z  * [new ref]         a06f5336e5805c0cd84c924ca3aefdc658dc8401 -> pull/2/merge
2026-10-08T17:49:23.6979496Z ##[endgroup]
2026-10-08T17:49:23.6981437Z ##[group]Determining the checkout info
2026-10-08T17:49:23.6981941Z ##[endgroup]
2026-10-08T17:49:23.6990838Z [command]"C:\Program Files\Git\bin\git.exe" sparse-checkout disable
2026-10-08T17:49:23.7495835Z [command]"C:\Program Files\Git\bin\git.exe" config --local --unset-all extensions.worktreeConfig
2026-10-08T17:49:23.7832084Z ##[group]Checking out the ref
2026-10-08T17:49:23.7842510Z [command]"C:\Program Files\Git\bin\git.exe" checkout --progress --force refs/remotes/pull/2/merge
2026-10-08T17:49:23.9149749Z Note: switching to 'refs/remotes/pull/2/merge'.
2026-10-08T17:49:23.9150350Z 
2026-10-08T17:49:23.9150788Z You are in 'detached HEAD' state. You can look around, make experimental
2026-10-08T17:49:23.9151785Z changes and commit them, and you can discard any commits you make in this
2026-10-08T17:49:23.9153037Z state without impacting any branches by switching back to a branch.
2026-10-08T17:49:23.9153588Z 
2026-10-08T17:49:23.9153913Z If you want to create a new branch to retain commits you create, you may
2026-10-08T17:49:23.9154472Z do so (now or later) by using -c with the switch command. Example:
2026-10-08T17:49:23.9154804Z 
2026-10-08T17:49:23.9154978Z   git switch -c <new-branch-name>
2026-10-08T17:49:23.9155169Z 
2026-10-08T17:49:23.9155286Z Or undo this operation with:
2026-10-08T17:49:23.9155479Z 
2026-10-08T17:49:23.9155558Z   git switch -
2026-10-08T17:49:23.9155680Z 
2026-10-08T17:49:23.9155897Z Turn off this advice by setting config variable advice.detachedHead to false
2026-10-08T17:49:23.9156233Z 
2026-10-08T17:49:23.9156632Z HEAD is now at a06f533 Merge 1873993a6491b52fe8288c19837600a012e18d4d into a0db5af71146586cf861881670c991ad94d87e2b
2026-10-08T17:49:23.9301761Z ##[endgroup]
2026-10-08T17:49:23.9832153Z [command]"C:\Program Files\Git\bin\git.exe" log -1 --format=%H
2026-10-08T17:49:24.0148870Z a06f5336e5805c0cd84c924ca3aefdc658dc8401
2026-10-08T17:49:24.0199155Z ##[group]Removing auth
2026-10-08T17:49:24.0199497Z Removing SSH command configuration
2026-10-08T17:49:24.0208147Z [command]"C:\Program Files\Git\bin\git.exe" config --local --name-only --get-regexp core\.sshCommand
2026-10-08T17:49:24.0571879Z [command]"C:\Program Files\Git\bin\git.exe" submodule foreach --recursive "sh -c \"git config --local --name-only --get-regexp 'core\.sshCommand' && git config --local --unset-all 'core.sshCommand' || :\""
2026-10-08T17:49:24.6778750Z Removing HTTP extra header
2026-10-08T17:49:24.6794736Z [command]"C:\Program Files\Git\bin\git.exe" config --local --name-only --get-regexp http\.https\:\/\/github\.com\/\.extraheader
2026-10-08T17:49:24.7170703Z [command]"C:\Program Files\Git\bin\git.exe" submodule foreach --recursive "sh -c \"git config --local --name-only --get-regexp 'http\.https\:\/\/github\.com\/\.extraheader' && git config --local --unset-all 'http.https://github.com/.extraheader' || :\""
2026-10-08T17:49:25.3122569Z Removing includeIf entries pointing to credentials config files
2026-10-08T17:49:25.3132660Z [command]"C:\Program Files\Git\bin\git.exe" config --local --name-only --get-regexp ^includeIf\.gitdir:
2026-10-08T17:49:25.3440337Z includeif.gitdir:D:/a/gamedesign-skills/gamedesign-skills/.git.path
2026-10-08T17:49:25.3441606Z includeif.gitdir:D:/a/gamedesign-skills/gamedesign-skills/.git/worktrees/*.path
2026-10-08T17:49:25.3442360Z includeif.gitdir:/github/workspace/.git.path
2026-10-08T17:49:25.3442883Z includeif.gitdir:/github/workspace/.git/worktrees/*.path
2026-10-08T17:49:25.3492895Z [command]"C:\Program Files\Git\bin\git.exe" config --local --get-all includeif.gitdir:D:/a/gamedesign-skills/gamedesign-skills/.git.path
2026-10-08T17:49:25.3802868Z D:\a\_temp\git-credentials-c3adccb7-0963-4f82-9940-b048f0f2264f.config
2026-10-08T17:49:25.3853328Z [command]"C:\Program Files\Git\bin\git.exe" config --local --unset includeif.gitdir:D:/a/gamedesign-skills/gamedesign-skills/.git.path D\:\\a\\_temp\\git\-credentials\-c3adccb7\-0963\-4f82\-9940\-b048f0f2264f\.config
2026-10-08T17:49:25.4211197Z [command]"C:\Program Files\Git\bin\git.exe" config --local --get-all includeif.gitdir:D:/a/gamedesign-skills/gamedesign-skills/.git/worktrees/*.path
2026-10-08T17:49:25.4507164Z D:\a\_temp\git-credentials-c3adccb7-0963-4f82-9940-b048f0f2264f.config
2026-10-08T17:49:25.4555782Z [command]"C:\Program Files\Git\bin\git.exe" config --local --unset includeif.gitdir:D:/a/gamedesign-skills/gamedesign-skills/.git/worktrees/*.path D\:\\a\\_temp\\git\-credentials\-c3adccb7\-0963\-4f82\-9940\-b048f0f2264f\.config
2026-10-08T17:49:25.4907097Z [command]"C:\Program Files\Git\bin\git.exe" config --local --get-all includeif.gitdir:/github/workspace/.git.path
2026-10-08T17:49:25.5215526Z /github/runner_temp/git-credentials-c3adccb7-0963-4f82-9940-b048f0f2264f.config
2026-10-08T17:49:25.5268372Z [command]"C:\Program Files\Git\bin\git.exe" config --local --unset includeif.gitdir:/github/workspace/.git.path \/github\/runner_temp\/git\-credentials\-c3adccb7\-0963\-4f82\-9940\-b048f0f2264f\.config
2026-10-08T17:49:25.5616570Z [command]"C:\Program Files\Git\bin\git.exe" config --local --get-all includeif.gitdir:/github/workspace/.git/worktrees/*.path
2026-10-08T17:49:25.5905909Z /github/runner_temp/git-credentials-c3adccb7-0963-4f82-9940-b048f0f2264f.config
2026-10-08T17:49:25.5958530Z [command]"C:\Program Files\Git\bin\git.exe" config --local --unset includeif.gitdir:/github/workspace/.git/worktrees/*.path \/github\/runner_temp\/git\-credentials\-c3adccb7\-0963\-4f82\-9940\-b048f0f2264f\.config
2026-10-08T17:49:25.6306191Z [command]"C:\Program Files\Git\bin\git.exe" submodule foreach --recursive "git config --local --show-origin --name-only --get-regexp remote.origin.url"
2026-10-08T17:49:26.2298282Z Removing credentials config 'D:\a\_temp\git-credentials-c3adccb7-0963-4f82-9940-b048f0f2264f.config'
2026-10-08T17:49:26.2396658Z ##[endgroup]
2026-10-08T17:49:26.2798054Z ##[group]Run actions/setup-python@5fda3b95a4ea91299a34e894583c3862153e4b97
2026-10-08T17:49:26.2798518Z with:
2026-10-08T17:49:26.2798724Z   python-version: 3.11
2026-10-08T17:49:26.2798943Z   check-latest: false
2026-10-08T17:49:26.2801810Z   token: ***
2026-10-08T17:49:26.2802017Z   update-environment: true
2026-10-08T17:49:26.2802258Z   allow-prereleases: false
2026-10-08T17:49:26.2802470Z   freethreaded: false
2026-10-08T17:49:26.2802662Z ##[endgroup]
2026-10-08T17:49:26.4458966Z ##[group]Installed versions
2026-10-08T17:49:26.4692904Z Successfully set up CPython (3.11.9)
2026-10-08T17:49:26.4693717Z ##[endgroup]
2026-10-08T17:49:26.5028106Z ##[group]Run python -m pip install -r requirements-dev.txt
2026-10-08T17:49:26.5028766Z [36;1mpython -m pip install -r requirements-dev.txt[0m
2026-10-08T17:49:26.5879161Z shell: C:\Program Files\PowerShell\7\pwsh.EXE -command ". '{0}'"
2026-10-08T17:49:26.5879777Z env:
2026-10-08T17:49:26.5880230Z   pythonLocation: C:\hostedtoolcache\windows\Python\3.11.9\x64
2026-10-08T17:49:26.5881114Z   PKG_CONFIG_PATH: C:\hostedtoolcache\windows\Python\3.11.9\x64/lib/pkgconfig
2026-10-08T17:49:26.5881835Z   Python_ROOT_DIR: C:\hostedtoolcache\windows\Python\3.11.9\x64
2026-10-08T17:49:26.5882465Z   Python2_ROOT_DIR: C:\hostedtoolcache\windows\Python\3.11.9\x64
2026-10-08T17:49:26.5883122Z   Python3_ROOT_DIR: C:\hostedtoolcache\windows\Python\3.11.9\x64
2026-10-08T17:49:26.5883625Z ##[endgroup]
2026-10-08T17:49:32.9078372Z Collecting PyYAML==6.0.3 (from -r requirements-dev.txt (line 2))
2026-10-08T17:49:33.1505780Z   Downloading pyyaml-6.0.3-cp311-cp311-win_amd64.whl.metadata (2.4 kB)
2026-10-08T17:49:33.2209116Z Collecting markdown-it-py==4.2.0 (from -r requirements-dev.txt (line 3))
2026-10-08T17:49:33.2517272Z   Downloading markdown_it_py-4.2.0-py3-none-any.whl.metadata (7.4 kB)
2026-10-08T17:49:33.3473744Z Collecting jsonschema==4.26.0 (from -r requirements-dev.txt (line 4))
2026-10-08T17:49:33.3692653Z   Downloading jsonschema-4.26.0-py3-none-any.whl.metadata (7.6 kB)
2026-10-08T17:49:33.4648552Z Collecting attrs==26.1.0 (from -r requirements-dev.txt (line 5))
2026-10-08T17:49:33.4875287Z   Downloading attrs-26.1.0-py3-none-any.whl.metadata (8.8 kB)
2026-10-08T17:49:33.5700201Z Collecting jsonschema-specifications==2025.9.1 (from -r requirements-dev.txt (line 6))
2026-10-08T17:49:33.5927701Z   Downloading jsonschema_specifications-2025.9.1-py3-none-any.whl.metadata (2.9 kB)
2026-10-08T17:49:33.6823473Z Collecting mdurl==0.1.2 (from -r requirements-dev.txt (line 7))
2026-10-08T17:49:33.7043046Z   Downloading mdurl-0.1.2-py3-none-any.whl.metadata (1.6 kB)
2026-10-08T17:49:33.8007802Z Collecting referencing==0.37.0 (from -r requirements-dev.txt (line 8))
2026-10-08T17:49:33.8440366Z   Downloading referencing-0.37.0-py3-none-any.whl.metadata (2.8 kB)
2026-10-08T17:49:34.2397121Z Collecting rpds-py==2026.9.1 (from -r requirements-dev.txt (line 9))
2026-10-08T17:49:34.2649797Z   Downloading rpds_py-2026.9.1-cp311-cp311-win_amd64.whl.metadata (4.2 kB)
2026-10-08T17:49:34.3520048Z Collecting typing-extensions==4.16.0 (from -r requirements-dev.txt (line 10))
2026-10-08T17:49:34.3735061Z   Downloading typing_extensions-4.16.0-py3-none-any.whl.metadata (3.3 kB)
2026-10-08T17:49:34.4348002Z Downloading pyyaml-6.0.3-cp311-cp311-win_amd64.whl (158 kB)
2026-10-08T17:49:34.5186433Z Downloading markdown_it_py-4.2.0-py3-none-any.whl (91 kB)
2026-10-08T17:49:34.5692827Z Downloading mdurl-0.1.2-py3-none-any.whl (10.0 kB)
2026-10-08T17:49:34.6132285Z Downloading jsonschema-4.26.0-py3-none-any.whl (90 kB)
2026-10-08T17:49:34.6615964Z Downloading attrs-26.1.0-py3-none-any.whl (67 kB)
2026-10-08T17:49:34.7041855Z Downloading jsonschema_specifications-2025.9.1-py3-none-any.whl (18 kB)
2026-10-08T17:49:34.7503999Z Downloading referencing-0.37.0-py3-none-any.whl (26 kB)
2026-10-08T17:49:34.7913276Z Downloading rpds_py-2026.9.1-cp311-cp311-win_amd64.whl (226 kB)
2026-10-08T17:49:34.8506985Z Downloading typing_extensions-4.16.0-py3-none-any.whl (45 kB)
2026-10-08T17:49:35.1269579Z Installing collected packages: typing-extensions, rpds-py, PyYAML, mdurl, attrs, referencing, markdown-it-py, jsonschema-specifications, jsonschema
2026-10-08T17:49:36.2151821Z 
2026-10-08T17:49:36.2169464Z Successfully installed PyYAML-6.0.3 attrs-26.1.0 jsonschema-4.26.0 jsonschema-specifications-2025.9.1 markdown-it-py-4.2.0 mdurl-0.1.2 referencing-0.37.0 rpds-py-2026.9.1 typing-extensions-4.16.0
2026-10-08T17:49:36.4789058Z ##[group]Run python -B tools/check.py
2026-10-08T17:49:36.4789478Z [36;1mpython -B tools/check.py[0m
2026-10-08T17:49:36.4870035Z shell: C:\Program Files\PowerShell\7\pwsh.EXE -command ". '{0}'"
2026-10-08T17:49:36.4870464Z env:
2026-10-08T17:49:36.4870781Z   pythonLocation: C:\hostedtoolcache\windows\Python\3.11.9\x64
2026-10-08T17:49:36.4871317Z   PKG_CONFIG_PATH: C:\hostedtoolcache\windows\Python\3.11.9\x64/lib/pkgconfig
2026-10-08T17:49:36.4871867Z   Python_ROOT_DIR: C:\hostedtoolcache\windows\Python\3.11.9\x64
2026-10-08T17:49:36.4872339Z   Python2_ROOT_DIR: C:\hostedtoolcache\windows\Python\3.11.9\x64
2026-10-08T17:49:36.4872809Z   Python3_ROOT_DIR: C:\hostedtoolcache\windows\Python\3.11.9\x64
2026-10-08T17:49:36.4873185Z ##[endgroup]
2026-10-08T17:49:37.7267989Z {
2026-10-08T17:49:37.7268356Z   "status": "pass",
2026-10-08T17:49:37.7268699Z   "scope": "static structure only",
2026-10-08T17:49:37.7269069Z   "counts": {
2026-10-08T17:49:37.7269630Z     "skills": 7,
2026-10-08T17:49:37.7269997Z     "markdown_files": 60,
2026-10-08T17:49:37.7270336Z     "local_links": 369,
2026-10-08T17:49:37.7270650Z     "schemas": 10
2026-10-08T17:49:37.7270883Z   },
2026-10-08T17:49:37.7271104Z   "errors": [],
2026-10-08T17:49:37.7271400Z   "native_discovery": "not_observed",
2026-10-08T17:49:37.7271794Z   "behavioral_quality": "not_measured"
2026-10-08T17:49:37.7272157Z }
2026-10-08T17:49:37.8711417Z ##[group]Run python -B -m unittest discover -s tests -v
2026-10-08T17:49:37.8711911Z [36;1mpython -B -m unittest discover -s tests -v[0m
2026-10-08T17:49:37.8785190Z shell: C:\Program Files\PowerShell\7\pwsh.EXE -command ". '{0}'"
2026-10-08T17:49:37.8785614Z env:
2026-10-08T17:49:37.8785921Z   pythonLocation: C:\hostedtoolcache\windows\Python\3.11.9\x64
2026-10-08T17:49:37.8786464Z   PKG_CONFIG_PATH: C:\hostedtoolcache\windows\Python\3.11.9\x64/lib/pkgconfig
2026-10-08T17:49:37.8787424Z   Python_ROOT_DIR: C:\hostedtoolcache\windows\Python\3.11.9\x64
2026-10-08T17:49:37.8787915Z   Python2_ROOT_DIR: C:\hostedtoolcache\windows\Python\3.11.9\x64
2026-10-08T17:49:37.8788403Z   Python3_ROOT_DIR: C:\hostedtoolcache\windows\Python\3.11.9\x64
2026-10-08T17:49:37.8788785Z ##[endgroup]
2026-10-08T17:49:38.6079763Z test_cyclic_required_resource_is_unavailable_json_without_traceback (test_assay_binding.BindingCLI.test_cyclic_required_resource_is_unavailable_json_without_traceback) ... ok
2026-10-08T17:49:38.9970789Z test_valid_changed_missing_disabled_and_missing_owner_keep_distinct_results (test_assay_binding.BindingCLI.test_valid_changed_missing_disabled_and_missing_owner_keep_distinct_results) ... ok
2026-10-08T17:49:39.0006214Z test_disabled_route_is_not_bypassed (test_distribution.BindingBoundary.test_disabled_route_is_not_bypassed) ... ok
2026-10-08T17:49:39.0042265Z test_missing_peer_is_local_failure (test_distribution.BindingBoundary.test_missing_peer_is_local_failure) ... ok
2026-10-08T17:49:39.0101723Z test_missing_resource_cannot_pass (test_distribution.BindingBoundary.test_missing_resource_cannot_pass) ... ok
2026-10-08T17:49:39.0173735Z test_modified_required_reference_invalidates_owner (test_distribution.BindingBoundary.test_modified_required_reference_invalidates_owner) ... ok
2026-10-08T17:49:39.0233991Z test_new_owner_code_is_not_silently_verified (test_distribution.BindingBoundary.test_new_owner_code_is_not_silently_verified) ... ok
2026-10-08T17:49:39.0305479Z test_other_owner_work_is_preserved_and_irrelevant (test_distribution.BindingBoundary.test_other_owner_work_is_preserved_and_irrelevant) ... ok
2026-10-08T17:49:39.0436571Z test_relocated_bytes_and_recursive_reference_are_read (test_distribution.BindingBoundary.test_relocated_bytes_and_recursive_reference_are_read) ... ok
2026-10-08T17:49:39.0501088Z test_symlink_and_path_escape_are_rejected (test_distribution.BindingBoundary.test_symlink_and_path_escape_are_rejected) ... ok
2026-10-08T17:49:40.0406531Z test_archive_is_reproducible_relocatable_and_excludes_keys (test_distribution.ReleaseBoundary.test_archive_is_reproducible_relocatable_and_excludes_keys) ... ok
2026-10-08T17:49:40.0413998Z test_frontmatter_uses_yaml_and_links_ignore_code (test_distribution.ReleaseBoundary.test_frontmatter_uses_yaml_and_links_ignore_code) ... ok
2026-10-08T17:49:40.0474291Z test_local_marketplaces_reject_incomplete_sources_and_automatic_install_policy (test_distribution.ReleaseBoundary.test_local_marketplaces_reject_incomplete_sources_and_automatic_install_policy) ... ok
2026-10-08T17:49:40.7300357Z test_missing_sibling_is_reported (test_distribution.ReleaseBoundary.test_missing_sibling_is_reported) ... ok
2026-10-08T17:49:40.9596593Z test_package_cli_preserves_the_external_receipt_contract (test_distribution.ReleaseBoundary.test_package_cli_preserves_the_external_receipt_contract) ... ok
2026-10-08T17:49:41.1144353Z test_corrupted_checksum_and_unsafe_downloaded_zip_are_rejected (test_distribution.SecurePackaging.test_corrupted_checksum_and_unsafe_downloaded_zip_are_rejected) ... ok
2026-10-08T17:49:41.1253299Z test_explicit_membership_excludes_private_scratch_and_client_sentinels (test_distribution.SecurePackaging.test_explicit_membership_excludes_private_scratch_and_client_sentinels) ... ok
2026-10-08T17:49:41.1367743Z test_generated_agents_marketplace_refuses_linked_ancestors (test_distribution.SecurePackaging.test_generated_agents_marketplace_refuses_linked_ancestors) ... ok
2026-10-08T17:49:41.1518527Z test_only_generated_agents_marketplace_is_public (test_distribution.SecurePackaging.test_only_generated_agents_marketplace_is_public) ... ok
2026-10-08T17:49:41.7246949Z test_release_build_smokes_downloaded_assets_and_exact_names (test_distribution.SecurePackaging.test_release_build_smokes_downloaded_assets_and_exact_names) ... ok
2026-10-08T17:49:41.7278685Z test_release_outputs_cannot_be_written_into_public_source_paths (test_distribution.SecurePackaging.test_release_outputs_cannot_be_written_into_public_source_paths) ... ok
2026-10-08T17:49:41.7498050Z test_reparse_points_in_public_roots_are_refused (test_distribution.SecurePackaging.test_reparse_points_in_public_roots_are_refused) ... ok
2026-10-08T17:49:41.8927961Z test_version_mismatch_and_extra_asset_are_rejected (test_distribution.SecurePackaging.test_version_mismatch_and_extra_asset_are_rejected) ... ok
2026-10-08T17:49:43.9007035Z test_a_real_timeout_preserves_the_attempt_and_partial_output (test_native_qualification.NativeEvidenceTests.test_a_real_timeout_preserves_the_attempt_and_partial_output) ... ok
2026-10-08T17:49:43.9012199Z test_component_names_are_taken_from_inventory_not_plugin_title (test_native_qualification.NativeEvidenceTests.test_component_names_are_taken_from_inventory_not_plugin_title) ... ok
2026-10-08T17:49:44.2426942Z test_revision_check_detects_extra_runtime_files_after_a_valid_control (test_native_qualification.NativeEvidenceTests.test_revision_check_detects_extra_runtime_files_after_a_valid_control) ... ok
2026-10-08T17:49:44.2428738Z 
2026-10-08T17:49:44.2429005Z ----------------------------------------------------------------------
2026-10-08T17:49:44.2429590Z Ran 26 tests in 5.715s
2026-10-08T17:49:44.2429815Z 
2026-10-08T17:49:44.2429931Z OK
2026-10-08T17:49:44.3913897Z ##[group]Run python -B -m unittest discover -s examples/adaptation -p 'test_*.py' -v
2026-10-08T17:49:44.3914632Z [36;1mpython -B -m unittest discover -s examples/adaptation -p 'test_*.py' -v[0m
2026-10-08T17:49:44.4022009Z shell: C:\Program Files\PowerShell\7\pwsh.EXE -command ". '{0}'"
2026-10-08T17:49:44.4022494Z env:
2026-10-08T17:49:44.4022838Z   pythonLocation: C:\hostedtoolcache\windows\Python\3.11.9\x64
2026-10-08T17:49:44.4023444Z   PKG_CONFIG_PATH: C:\hostedtoolcache\windows\Python\3.11.9\x64/lib/pkgconfig
2026-10-08T17:49:44.4024027Z   Python_ROOT_DIR: C:\hostedtoolcache\windows\Python\3.11.9\x64
2026-10-08T17:49:44.4024541Z   Python2_ROOT_DIR: C:\hostedtoolcache\windows\Python\3.11.9\x64
2026-10-08T17:49:44.4025068Z   Python3_ROOT_DIR: C:\hostedtoolcache\windows\Python\3.11.9\x64
2026-10-08T17:49:44.4025486Z ##[endgroup]
2026-10-08T17:49:44.8162322Z test_later_consumer_uses_and_spends_token (test_adaptation.AdaptationContract.test_later_consumer_uses_and_spends_token) ... ok
2026-10-08T17:49:44.8165688Z test_literal_translation_breaking_operation_is_rejected (test_adaptation.AdaptationContract.test_literal_translation_breaking_operation_is_rejected) ... ok
2026-10-08T17:49:44.8177845Z test_optional_pin_aid_agrees_between_presented_and_executable_actions (test_adaptation.AdaptationContract.test_optional_pin_aid_agrees_between_presented_and_executable_actions) ... ok
2026-10-08T17:49:44.8182282Z test_stale_and_wrong_later_sign_are_rejected (test_adaptation.AdaptationContract.test_stale_and_wrong_later_sign_are_rejected) ... ok
2026-10-08T17:49:44.8185848Z test_target_view_presents_one_line_and_navigation (test_adaptation.AdaptationContract.test_target_view_presents_one_line_and_navigation) ... ok
2026-10-08T17:49:44.8189478Z test_transferred_clue_actions_and_later_scene (test_adaptation.AdaptationContract.test_transferred_clue_actions_and_later_scene) ... ok
2026-10-08T17:49:44.8193937Z test_valid_rewrite_and_permanent_help_are_not_rejected (test_adaptation.AdaptationContract.test_valid_rewrite_and_permanent_help_are_not_rejected) ... ok
2026-10-08T17:49:44.8197500Z test_wrong_player_choice_remains_a_playable_nonterminal_state (test_adaptation.AdaptationContract.test_wrong_player_choice_remains_a_playable_nonterminal_state) ... ok
2026-10-08T17:49:45.0939273Z test_malformed_content_records_fail_before_presentation (test_adaptation.InvalidFileBoundary.test_malformed_content_records_fail_before_presentation) ... ok
2026-10-08T17:49:45.5688692Z test_malformed_saved_state_cannot_start_a_voyage (test_adaptation.InvalidFileBoundary.test_malformed_saved_state_cannot_start_a_voyage) ... ok
2026-10-08T17:49:45.8398751Z test_non_object_artifacts_fail_as_invalid (test_adaptation.InvalidFileBoundary.test_non_object_artifacts_fail_as_invalid) ... ok
2026-10-08T17:49:45.8399489Z 
2026-10-08T17:49:45.8399678Z ----------------------------------------------------------------------
2026-10-08T17:49:45.8400093Z Ran 11 tests in 1.024s
2026-10-08T17:49:45.8400259Z 
2026-10-08T17:49:45.8400370Z OK
2026-10-08T17:49:45.9740638Z ##[group]Run python -B -m unittest discover -s examples/analysis-lab -p 'test_*.py' -v
2026-10-08T17:49:45.9741547Z [36;1mpython -B -m unittest discover -s examples/analysis-lab -p 'test_*.py' -v[0m
2026-10-08T17:49:45.9818216Z shell: C:\Program Files\PowerShell\7\pwsh.EXE -command ". '{0}'"
2026-10-08T17:49:45.9818642Z env:
2026-10-08T17:49:45.9818955Z   pythonLocation: C:\hostedtoolcache\windows\Python\3.11.9\x64
2026-10-08T17:49:45.9819501Z   PKG_CONFIG_PATH: C:\hostedtoolcache\windows\Python\3.11.9\x64/lib/pkgconfig
2026-10-08T17:49:45.9820052Z   Python_ROOT_DIR: C:\hostedtoolcache\windows\Python\3.11.9\x64
2026-10-08T17:49:45.9820527Z   Python2_ROOT_DIR: C:\hostedtoolcache\windows\Python\3.11.9\x64
2026-10-08T17:49:45.9821009Z   Python3_ROOT_DIR: C:\hostedtoolcache\windows\Python\3.11.9\x64
2026-10-08T17:49:45.9821385Z ##[endgroup]
2026-10-08T17:49:47.0599504Z test_fresh_survey_without_required_source_or_actor_is_refuted (test_input_and_replay.InputAndReplayTests.test_fresh_survey_without_required_source_or_actor_is_refuted) ... ok
2026-10-08T17:49:47.7641500Z test_genuine_repeats_preserve_later_world_changes_without_awards (test_input_and_replay.InputAndReplayTests.test_genuine_repeats_preserve_later_world_changes_without_awards) ... ok
2026-10-08T17:49:47.8121403Z test_non_finite_values_are_rejected_by_shared_json_boundary (test_input_and_replay.InputAndReplayTests.test_non_finite_values_are_rejected_by_shared_json_boundary) ... ok
2026-10-08T17:49:48.6150460Z test_recovery_subevents_cannot_be_claimed_as_standalone_operations (test_input_and_replay.InputAndReplayTests.test_recovery_subevents_cannot_be_claimed_as_standalone_operations) ... ok
2026-10-08T17:49:50.6643170Z test_save_roots_and_nested_types_are_rejected_before_use (test_input_and_replay.InputAndReplayTests.test_save_roots_and_nested_types_are_rejected_before_use) ... ok
2026-10-08T17:49:52.4295043Z test_unrelated_history_and_incomplete_recovery_are_conflicts (test_input_and_replay.InputAndReplayTests.test_unrelated_history_and_incomplete_recovery_are_conflicts) ... ok
2026-10-08T17:49:52.5844513Z test_renamed_valid_outcome_keeps_measurement_and_unobserved_outcome_is_failure (test_measurement_and_eligibility.MeasurementDefinitions.test_renamed_valid_outcome_keeps_measurement_and_unobserved_outcome_is_failure) ... ok
2026-10-08T17:49:53.1779589Z test_unknown_outcome_and_missing_control_definitions_fail_before_database (test_measurement_and_eligibility.MeasurementDefinitions.test_unknown_outcome_and_missing_control_definitions_fail_before_database) ... ok
2026-10-08T17:49:53.4267569Z test_content_rights_and_history_constrain_choice_and_transition_together (test_measurement_and_eligibility.RecoveryEligibility.test_content_rights_and_history_constrain_choice_and_transition_together) ... ok
2026-10-08T17:49:53.8363312Z test_explicit_alternate_repertoire_is_consumed_and_identified_by_cli (test_measurement_and_eligibility.RecoveryEligibility.test_explicit_alternate_repertoire_is_consumed_and_identified_by_cli) ... ok
2026-10-08T17:49:54.0482094Z test_missing_action_repertoire_is_invalid_and_completed_replay_needs_no_current_content (test_measurement_and_eligibility.RecoveryEligibility.test_missing_action_repertoire_is_invalid_and_completed_replay_needs_no_current_content) ... ok
2026-10-08T17:49:54.3359748Z test_unknown_winch_procedure_refutes_both_consumers_but_public_knowledge_enables (test_measurement_and_eligibility.RecoveryEligibility.test_unknown_winch_procedure_refutes_both_consumers_but_public_knowledge_enables) ... ok
2026-10-08T17:49:54.5079218Z test_absent_or_unaccepted_authority_does_not_fund_repair (test_semantics.MigrationAndConsumersTests.test_absent_or_unaccepted_authority_does_not_fund_repair) ... ok
2026-10-08T17:49:54.6283536Z test_equal_total_and_valid_schema_do_not_prove_owner_preservation (test_semantics.MigrationAndConsumersTests.test_equal_total_and_valid_schema_do_not_prove_owner_preservation) ... ok
2026-10-08T17:49:54.7533622Z test_explicit_delegation_enables_host_but_does_not_transfer_personal_right (test_semantics.MigrationAndConsumersTests.test_explicit_delegation_enables_host_but_does_not_transfer_personal_right) ... ok
2026-10-08T17:49:54.9074360Z test_hidden_fact_does_not_enter_other_observer_or_choice (test_semantics.MigrationAndConsumersTests.test_hidden_fact_does_not_enter_other_observer_or_choice) ... ok
2026-10-08T17:49:54.9771176Z test_migration_keeps_owned_knowledge_rights_and_history (test_semantics.MigrationAndConsumersTests.test_migration_keeps_owned_knowledge_rights_and_history) ... ok
2026-10-08T17:49:55.0796170Z test_missing_winch_changes_feasible_group_plan (test_semantics.MigrationAndConsumersTests.test_missing_winch_changes_feasible_group_plan) ... ok
2026-10-08T17:49:55.3293385Z test_recovery_then_resumed_consumer_and_replay (test_semantics.MigrationAndConsumersTests.test_recovery_then_resumed_consumer_and_replay) ... ok
2026-10-08T17:49:55.4494716Z test_zero_selected_is_refuted_and_empty_inspected_is_missing (test_semantics.MigrationAndConsumersTests.test_zero_selected_is_refuted_and_empty_inspected_is_missing) ... ok
2026-10-08T17:49:55.4498860Z test_recovery_conversion_has_different_units_and_source_sensitivity (test_semantics.ResourceAndWaitingTests.test_recovery_conversion_has_different_units_and_source_sensitivity) ... ok
2026-10-08T17:49:55.4511404Z test_tiny_probability_preserves_capped_waiting_or_declares_numeric_limit (test_semantics.ResourceAndWaitingTests.test_tiny_probability_preserves_capped_waiting_or_declares_numeric_limit) ... ok
2026-10-08T17:49:55.4513737Z test_transfer_preserves_stock_but_changes_holder (test_semantics.ResourceAndWaitingTests.test_transfer_preserves_stock_but_changes_holder) ... ok
2026-10-08T17:49:55.4516528Z test_waiting_known_distribution_and_guarantee (test_semantics.ResourceAndWaitingTests.test_waiting_known_distribution_and_guarantee) ... ok
2026-10-08T17:49:55.4842786Z test_build_cohort_missingness_and_reopened_database (test_semantics.TelemetryAndObservationTests.test_build_cohort_missingness_and_reopened_database) ... ok
2026-10-08T17:49:55.4916540Z test_empty_cohort_cannot_pass (test_semantics.TelemetryAndObservationTests.test_empty_cohort_cannot_pass) ... ok
2026-10-08T17:49:55.5235531Z test_late_success_name_does_not_satisfy_deadline (test_semantics.TelemetryAndObservationTests.test_late_success_name_does_not_satisfy_deadline) ... ok
2026-10-08T17:49:55.5820884Z test_missing_validator_dependency_has_distinct_status (test_semantics.TelemetryAndObservationTests.test_missing_validator_dependency_has_distinct_status) ... ok
2026-10-08T17:49:55.9631556Z test_saved_observations_preserve_conditions_for_the_next_reader (test_semantics.TelemetryAndObservationTests.test_saved_observations_preserve_conditions_for_the_next_reader) ... ok
2026-10-08T17:49:55.9787895Z test_synthetic_import_retains_unknown_and_assisted_cases (test_semantics.TelemetryAndObservationTests.test_synthetic_import_retains_unknown_and_assisted_cases) ... ok
2026-10-08T17:49:55.9788652Z 
2026-10-08T17:49:55.9788839Z ----------------------------------------------------------------------
2026-10-08T17:49:55.9789176Z Ran 30 tests in 9.403s
2026-10-08T17:49:55.9789318Z 
2026-10-08T17:49:55.9789389Z OK
2026-10-08T17:49:56.1202074Z ##[group]Run python -B -m unittest discover -s examples/godot-episode -p 'test_*.py' -v
2026-10-08T17:49:56.1203603Z [36;1mpython -B -m unittest discover -s examples/godot-episode -p 'test_*.py' -v[0m
2026-10-08T17:49:56.1279474Z shell: C:\Program Files\PowerShell\7\pwsh.EXE -command ". '{0}'"
2026-10-08T17:49:56.1280161Z env:
2026-10-08T17:49:56.1280484Z   pythonLocation: C:\hostedtoolcache\windows\Python\3.11.9\x64
2026-10-08T17:49:56.1281040Z   PKG_CONFIG_PATH: C:\hostedtoolcache\windows\Python\3.11.9\x64/lib/pkgconfig
2026-10-08T17:49:56.1281594Z   Python_ROOT_DIR: C:\hostedtoolcache\windows\Python\3.11.9\x64
2026-10-08T17:49:56.1282079Z   Python2_ROOT_DIR: C:\hostedtoolcache\windows\Python\3.11.9\x64
2026-10-08T17:49:56.1282565Z   Python3_ROOT_DIR: C:\hostedtoolcache\windows\Python\3.11.9\x64
2026-10-08T17:49:56.1282945Z ##[endgroup]
2026-10-08T17:49:57.3732659Z test_first_tick_and_warning_resolution_order_are_checked_before_run (test_report_contract.FixtureAndRunnerBoundaryTests.test_first_tick_and_warning_resolution_order_are_checked_before_run) ... ok
2026-10-08T17:49:57.7679422Z test_timeout_bound_is_finite_positive_and_invalid_cli_has_no_side_effect (test_report_contract.FixtureAndRunnerBoundaryTests.test_timeout_bound_is_finite_positive_and_invalid_cli_has_no_side_effect) ... ok
2026-10-08T17:49:58.0741781Z test_cli_wrong_root_has_structured_exit_two (test_report_contract.ReportContractTests.test_cli_wrong_root_has_structured_exit_two) ... ok
2026-10-08T17:49:58.3003468Z test_empty_and_stale_evidence_keep_distinct_non_success_status (test_report_contract.ReportContractTests.test_empty_and_stale_evidence_keep_distinct_non_success_status) ... ok
2026-10-08T17:49:58.4136647Z test_empty_scheduled_input_is_a_valid_refutation_of_escape (test_report_contract.ReportContractTests.test_empty_scheduled_input_is_a_valid_refutation_of_escape) ... ok
2026-10-08T17:50:00.3801354Z test_malformed_observation_records_cannot_support_or_refute (test_report_contract.ReportContractTests.test_malformed_observation_records_cannot_support_or_refute) ... ok
2026-10-08T17:50:00.5001046Z test_observed_post_load_additions_are_valid_but_are_not_restored_knowledge (test_report_contract.ReportContractTests.test_observed_post_load_additions_are_valid_but_are_not_restored_knowledge) ... ok
2026-10-08T17:50:00.8603539Z test_observed_reload_and_reply_failures_refute_while_unavailable_save_is_invalid (test_report_contract.ReportContractTests.test_observed_reload_and_reply_failures_refute_while_unavailable_save_is_invalid) ... ok
2026-10-08T17:50:01.5877588Z test_operation_summaries_and_snapshot_must_match_observed_events (test_report_contract.ReportContractTests.test_operation_summaries_and_snapshot_must_match_observed_events) ... ok
2026-10-08T17:50:01.9495145Z test_recorded_success_and_typed_negative_observations (test_report_contract.ReportContractTests.test_recorded_success_and_typed_negative_observations) ... ok
2026-10-08T17:50:02.5616426Z test_saved_owners_history_and_knowledge_cannot_contradict_successful_reload (test_report_contract.ReportContractTests.test_saved_owners_history_and_knowledge_cannot_contradict_successful_reload) ... ok
2026-10-08T17:50:03.1598270Z test_scheduled_state_operations_cannot_disappear_behind_positive_summaries (test_report_contract.ReportContractTests.test_scheduled_state_operations_cannot_disappear_behind_positive_summaries) ... ok
2026-10-08T17:50:03.7093329Z test_wrong_report_roots_are_invalid_evidence (test_report_contract.ReportContractTests.test_wrong_report_roots_are_invalid_evidence) ... ok
2026-10-08T17:50:03.7094520Z 
2026-10-08T17:50:03.7094808Z ----------------------------------------------------------------------
2026-10-08T17:50:03.7095395Z Ran 13 tests in 7.045s
2026-10-08T17:50:03.7095622Z 
2026-10-08T17:50:03.7095742Z OK
2026-10-08T17:50:03.8575713Z ##[group]Run python -B -m unittest discover -s examples/design-studies/harbour-of-echoes -p 'test_*.py' -v
2026-10-08T17:50:03.8576631Z [36;1mpython -B -m unittest discover -s examples/design-studies/harbour-of-echoes -p 'test_*.py' -v[0m
2026-10-08T17:50:03.8652555Z shell: C:\Program Files\PowerShell\7\pwsh.EXE -command ". '{0}'"
2026-10-08T17:50:03.8653685Z env:
2026-10-08T17:50:03.8653981Z   pythonLocation: C:\hostedtoolcache\windows\Python\3.11.9\x64
2026-10-08T17:50:03.8654492Z   PKG_CONFIG_PATH: C:\hostedtoolcache\windows\Python\3.11.9\x64/lib/pkgconfig
2026-10-08T17:50:03.8655013Z   Python_ROOT_DIR: C:\hostedtoolcache\windows\Python\3.11.9\x64
2026-10-08T17:50:03.8655458Z   Python2_ROOT_DIR: C:\hostedtoolcache\windows\Python\3.11.9\x64
2026-10-08T17:50:03.8655907Z   Python3_ROOT_DIR: C:\hostedtoolcache\windows\Python\3.11.9\x64
2026-10-08T17:50:03.8656514Z ##[endgroup]
2026-10-08T17:50:04.6916654Z test_valid_numeric_beat_writes_reopenable_media_with_declared_rests (test_render_loom.LoomInputAndOutput.test_valid_numeric_beat_writes_reopenable_media_with_declared_rests) ... ok
2026-10-08T17:50:05.7768211Z test_wrong_container_types_and_missing_identity_fail_before_output_directory (test_render_loom.LoomInputAndOutput.test_wrong_container_types_and_missing_identity_fail_before_output_directory) ... ok
2026-10-08T17:50:05.7769599Z 
2026-10-08T17:50:05.7769850Z ----------------------------------------------------------------------
2026-10-08T17:50:05.7770370Z Ran 2 tests in 1.492s
2026-10-08T17:50:05.7770572Z 
2026-10-08T17:50:05.7770679Z OK
2026-10-08T17:50:05.9172751Z ##[group]Run python .github/relkit.pyz audit --history
2026-10-08T17:50:05.9173231Z [36;1mpython .github/relkit.pyz audit --history[0m
2026-10-08T17:50:05.9248242Z shell: C:\Program Files\PowerShell\7\pwsh.EXE -command ". '{0}'"
2026-10-08T17:50:05.9248641Z env:
2026-10-08T17:50:05.9249212Z   pythonLocation: C:\hostedtoolcache\windows\Python\3.11.9\x64
2026-10-08T17:50:05.9249728Z   PKG_CONFIG_PATH: C:\hostedtoolcache\windows\Python\3.11.9\x64/lib/pkgconfig
2026-10-08T17:50:05.9250233Z   Python_ROOT_DIR: C:\hostedtoolcache\windows\Python\3.11.9\x64
2026-10-08T17:50:05.9250685Z   Python2_ROOT_DIR: C:\hostedtoolcache\windows\Python\3.11.9\x64
2026-10-08T17:50:05.9251140Z   Python3_ROOT_DIR: C:\hostedtoolcache\windows\Python\3.11.9\x64
2026-10-08T17:50:05.9251510Z ##[endgroup]
2026-10-08T17:50:16.0096627Z 5:50PM INF scanned ~5057957 bytes (5.06 MB) in 756ms
2026-10-08T17:50:16.0097244Z 5:50PM INF no leaks found
2026-10-08T17:50:16.6641115Z 🔍 481 Total (in 35ms) 🔗 244 Unique ✅ 369 OK 🚫 0 Errors 👻 112 Excluded
2026-10-08T17:50:16.6642015Z 
2026-10-08T17:50:16.7962807Z relkit audit: passed (including history)
2026-10-08T17:50:16.9460310Z ##[group]Run import os
2026-10-08T17:50:16.9460641Z [36;1mimport os[0m
2026-10-08T17:50:16.9460865Z [36;1mfrom pathlib import Path[0m
2026-10-08T17:50:16.9461224Z [36;1mversion = Path("VERSION").read_text(encoding="utf-8").strip()[0m
2026-10-08T17:50:16.9461731Z [36;1mwith open(os.environ["GITHUB_OUTPUT"], "a", encoding="utf-8") as output:[0m
2026-10-08T17:50:16.9462189Z [36;1m    output.write(f"version={version}\n")[0m
2026-10-08T17:50:16.9468402Z shell: C:\hostedtoolcache\windows\Python\3.11.9\x64\python.EXE {0}
2026-10-08T17:50:16.9468770Z env:
2026-10-08T17:50:16.9469052Z   pythonLocation: C:\hostedtoolcache\windows\Python\3.11.9\x64
2026-10-08T17:50:16.9469517Z   PKG_CONFIG_PATH: C:\hostedtoolcache\windows\Python\3.11.9\x64/lib/pkgconfig
2026-10-08T17:50:16.9469985Z   Python_ROOT_DIR: C:\hostedtoolcache\windows\Python\3.11.9\x64
2026-10-08T17:50:16.9470410Z   Python2_ROOT_DIR: C:\hostedtoolcache\windows\Python\3.11.9\x64
2026-10-08T17:50:16.9470871Z   Python3_ROOT_DIR: C:\hostedtoolcache\windows\Python\3.11.9\x64
2026-10-08T17:50:16.9471218Z ##[endgroup]
2026-10-08T17:50:17.0168399Z ##[group]Run python -B tools/release.py build --output dist --version 0.1.1
2026-10-08T17:50:17.0169039Z [36;1mpython -B tools/release.py build --output dist --version 0.1.1[0m
2026-10-08T17:50:17.0245506Z shell: C:\Program Files\PowerShell\7\pwsh.EXE -command ". '{0}'"
2026-10-08T17:50:17.0245895Z env:
2026-10-08T17:50:17.0246181Z   pythonLocation: C:\hostedtoolcache\windows\Python\3.11.9\x64
2026-10-08T17:50:17.0246708Z   PKG_CONFIG_PATH: C:\hostedtoolcache\windows\Python\3.11.9\x64/lib/pkgconfig
2026-10-08T17:50:17.0247882Z   Python_ROOT_DIR: C:\hostedtoolcache\windows\Python\3.11.9\x64
2026-10-08T17:50:17.0248336Z   Python2_ROOT_DIR: C:\hostedtoolcache\windows\Python\3.11.9\x64
2026-10-08T17:50:17.0248790Z   Python3_ROOT_DIR: C:\hostedtoolcache\windows\Python\3.11.9\x64
2026-10-08T17:50:17.0249146Z ##[endgroup]
2026-10-08T17:50:17.5502924Z {
2026-10-08T17:50:17.5503410Z   "version": "0.1.1",
2026-10-08T17:50:17.5503917Z   "archive": "gamedesign-skills-0.1.1-source.zip",
2026-10-08T17:50:17.5504603Z   "sha256": "29b2167f1361b6336b63b154abc4f9b48e84d00b581048eb1449c0416e6a0aa8",
2026-10-08T17:50:17.5505228Z   "file_count": 197,
2026-10-08T17:50:17.5505534Z   "assets": [
2026-10-08T17:50:17.5506197Z     "gamedesign-skills-0.1.1-source.zip",
2026-10-08T17:50:17.5506693Z     "SHA256SUMS"
2026-10-08T17:50:17.5506970Z   ]
2026-10-08T17:50:17.5507206Z }
2026-10-08T17:50:17.6867504Z ##[group]Run python -B tools/smoke.py --assets dist --version 0.1.1 --temp tmp/release-smoke
2026-10-08T17:50:17.6868333Z [36;1mpython -B tools/smoke.py --assets dist --version 0.1.1 --temp tmp/release-smoke[0m
2026-10-08T17:50:17.6942371Z shell: C:\Program Files\PowerShell\7\pwsh.EXE -command ". '{0}'"
2026-10-08T17:50:17.6942769Z env:
2026-10-08T17:50:17.6943068Z   pythonLocation: C:\hostedtoolcache\windows\Python\3.11.9\x64
2026-10-08T17:50:17.6943582Z   PKG_CONFIG_PATH: C:\hostedtoolcache\windows\Python\3.11.9\x64/lib/pkgconfig
2026-10-08T17:50:17.6944091Z   Python_ROOT_DIR: C:\hostedtoolcache\windows\Python\3.11.9\x64
2026-10-08T17:50:17.6944543Z   Python2_ROOT_DIR: C:\hostedtoolcache\windows\Python\3.11.9\x64
2026-10-08T17:50:17.6945000Z   Python3_ROOT_DIR: C:\hostedtoolcache\windows\Python\3.11.9\x64
2026-10-08T17:50:17.6945363Z ##[endgroup]
2026-10-08T17:50:18.3070055Z {
2026-10-08T17:50:18.3070533Z   "status": "pass",
2026-10-08T17:50:18.3071354Z   "version": "0.1.1",
2026-10-08T17:50:18.3072147Z   "archive": "gamedesign-skills-0.1.1-source.zip",
2026-10-08T17:50:18.3073022Z   "sha256": "29b2167f1361b6336b63b154abc4f9b48e84d00b581048eb1449c0416e6a0aa8",
2026-10-08T17:50:18.3073837Z   "archive_files": 197,
2026-10-08T17:50:18.3074266Z   "skills": [
2026-10-08T17:50:18.3074721Z     "game-content-design",
2026-10-08T17:50:18.3075185Z     "game-design",
2026-10-08T17:50:18.3075618Z     "game-information-design",
2026-10-08T17:50:18.3076146Z     "game-participation-design",
2026-10-08T17:50:18.3076668Z     "game-systems-design",
2026-10-08T17:50:18.3077180Z     "game-world-narrative-design",
2026-10-08T17:50:18.3077749Z     "gameplay-design"
2026-10-08T17:50:18.3078199Z   ],
2026-10-08T17:50:18.3078616Z   "east_gate": {
2026-10-08T17:50:18.3079015Z     "play": {
2026-10-08T17:50:18.3079427Z       "status": "executed",
2026-10-08T17:50:18.3079902Z       "operation": "play",
2026-10-08T17:50:18.3080327Z       "gate": "open",
2026-10-08T17:50:18.3081417Z       "output": "D:\\a\\gamedesign-skills\\gamedesign-skills\\tmp\\release-smoke\\consumer-runs\\play.json"
2026-10-08T17:50:18.3082635Z     },
2026-10-08T17:50:18.3083137Z     "ferry": {
2026-10-08T17:50:18.3083730Z       "status": "executed",
2026-10-08T17:50:18.3084340Z       "operation": "enter-ferry",
2026-10-08T17:50:18.3085011Z       "gate": "open",
2026-10-08T17:50:18.3085845Z       "output": "D:\\a\\gamedesign-skills\\gamedesign-skills\\tmp\\release-smoke\\consumer-runs\\ferry.json"
2026-10-08T17:50:18.3086788Z     }
2026-10-08T17:50:18.3087170Z   },
2026-10-08T17:50:18.3087530Z   "static_check": "not_run"
2026-10-08T17:50:18.3088014Z }
2026-10-08T17:50:18.4453287Z Post job cleanup.
2026-10-08T17:50:18.6423080Z Post job cleanup.
2026-10-08T17:50:18.9079074Z [command]"C:\Program Files\Git\bin\git.exe" version
2026-10-08T17:50:18.9402353Z git version 2.55.0.windows.5
2026-10-08T17:50:18.9493051Z Temporarily overriding HOME='D:\a\_temp\72729bce-e79f-4b16-a941-9c562c6c6aa7' before making global git config changes
2026-10-08T17:50:18.9494405Z Adding repository directory to the temporary git global config as a safe directory
2026-10-08T17:50:18.9506091Z [command]"C:\Program Files\Git\bin\git.exe" config --global --add safe.directory D:\a\gamedesign-skills\gamedesign-skills
2026-10-08T17:50:18.9855231Z Removing SSH command configuration
2026-10-08T17:50:18.9871113Z [command]"C:\Program Files\Git\bin\git.exe" config --local --name-only --get-regexp core\.sshCommand
2026-10-08T17:50:19.0289507Z [command]"C:\Program Files\Git\bin\git.exe" submodule foreach --recursive "sh -c \"git config --local --name-only --get-regexp 'core\.sshCommand' && git config --local --unset-all 'core.sshCommand' || :\""
2026-10-08T17:50:19.6860290Z Removing HTTP extra header
2026-10-08T17:50:19.6873606Z [command]"C:\Program Files\Git\bin\git.exe" config --local --name-only --get-regexp http\.https\:\/\/github\.com\/\.extraheader
2026-10-08T17:50:19.7232534Z [command]"C:\Program Files\Git\bin\git.exe" submodule foreach --recursive "sh -c \"git config --local --name-only --get-regexp 'http\.https\:\/\/github\.com\/\.extraheader' && git config --local --unset-all 'http.https://github.com/.extraheader' || :\""
2026-10-08T17:50:20.3773292Z Removing includeIf entries pointing to credentials config files
2026-10-08T17:50:20.3794201Z [command]"C:\Program Files\Git\bin\git.exe" config --local --name-only --get-regexp ^includeIf\.gitdir:
2026-10-08T17:50:20.4155314Z [command]"C:\Program Files\Git\bin\git.exe" submodule foreach --recursive "git config --local --show-origin --name-only --get-regexp remote.origin.url"
2026-10-08T17:50:21.0804832Z Cleaning up orphan processes

