2026-10-08T17:49:15.8436994Z Current runner version: '2.337.0'
2026-10-08T17:49:15.8458516Z ##[group]Runner Image Provisioner
2026-10-08T17:49:15.8459243Z Hosted Compute Agent
2026-10-08T17:49:15.8459767Z Version: 20261002.596
2026-10-08T17:49:15.8460299Z Commit: c3d12f3313a95f25162a1503be624f3b0617f8c0
2026-10-08T17:49:15.8460946Z Build Date: 2026-10-02T22:28:27Z
2026-10-08T17:49:15.8461495Z Worker ID: {26221f4e-d772-4618-9bc0-8f6d0dab139a}
2026-10-08T17:49:15.8462086Z Region: eastus
2026-10-08T17:49:15.8462573Z Cloud: Azure
2026-10-08T17:49:15.8463009Z ##[endgroup]
2026-10-08T17:49:15.8464137Z ##[group]Operating System
2026-10-08T17:49:15.8464633Z Ubuntu
2026-10-08T17:49:15.8465047Z 24.04.5
2026-10-08T17:49:15.8465707Z LTS
2026-10-08T17:49:15.8466174Z ##[endgroup]
2026-10-08T17:49:15.8466666Z ##[group]Runner Image
2026-10-08T17:49:15.8467162Z Image: ubuntu-24.04
2026-10-08T17:49:15.8467613Z Version: 20261004.327.1
2026-10-08T17:49:15.8468713Z Included Software: https://github.com/actions/runner-images/blob/ubuntu24/20261004.327/images/ubuntu/Ubuntu2404-Readme.md
2026-10-08T17:49:15.8469956Z Image Release: https://github.com/actions/runner-images/releases/tag/ubuntu24%2F20261004.327
2026-10-08T17:49:15.8470733Z ##[endgroup]
2026-10-08T17:49:15.8471636Z ##[group]GITHUB_TOKEN Permissions
2026-10-08T17:49:15.8473448Z Contents: read
2026-10-08T17:49:15.8473928Z Metadata: read
2026-10-08T17:49:15.8474466Z ##[endgroup]
2026-10-08T17:49:15.8476386Z Secret source: Actions
2026-10-08T17:49:15.8477274Z Cache mode: write
2026-10-08T17:49:15.8478081Z Prepare workflow directory
2026-10-08T17:49:15.9391549Z Prepare all required actions
2026-10-08T17:49:15.9445779Z Getting action download info
2026-10-08T17:49:16.0824172Z Download action repository 'actions/checkout@3d3c42e5aac5ba805825da76410c181273ba90b1' (SHA:3d3c42e5aac5ba805825da76410c181273ba90b1)
2026-10-08T17:49:16.5359205Z Download action repository 'actions/setup-python@5fda3b95a4ea91299a34e894583c3862153e4b97' (SHA:5fda3b95a4ea91299a34e894583c3862153e4b97)
2026-10-08T17:49:16.9261543Z Complete job name: artifact-operations
2026-10-08T17:49:17.0382113Z ##[group]Run actions/checkout@3d3c42e5aac5ba805825da76410c181273ba90b1
2026-10-08T17:49:17.0383024Z with:
2026-10-08T17:49:17.0383417Z   persist-credentials: false
2026-10-08T17:49:17.0383885Z   repository: Muratovnik/gamedesign-skills
2026-10-08T17:49:17.0387372Z   token: ***
2026-10-08T17:49:17.0387747Z   ssh-strict: true
2026-10-08T17:49:17.0388140Z   ssh-user: git
2026-10-08T17:49:17.0388501Z   clean: true
2026-10-08T17:49:17.0388881Z   sparse-checkout-cone-mode: true
2026-10-08T17:49:17.0389324Z   fetch-depth: 1
2026-10-08T17:49:17.0389703Z   fetch-tags: false
2026-10-08T17:49:17.0390075Z   show-progress: true
2026-10-08T17:49:17.0390456Z   lfs: false
2026-10-08T17:49:17.0390830Z   submodules: false
2026-10-08T17:49:17.0391225Z   set-safe-directory: true
2026-10-08T17:49:17.0391661Z   allow-unsafe-pr-checkout: false
2026-10-08T17:49:17.0392280Z ##[endgroup]
2026-10-08T17:49:17.1241064Z Syncing repository: Muratovnik/gamedesign-skills
2026-10-08T17:49:17.1242843Z ##[group]Getting Git version info
2026-10-08T17:49:17.1243525Z Working directory is '/home/runner/work/gamedesign-skills/gamedesign-skills'
2026-10-08T17:49:17.1244685Z [command]/usr/bin/git version
2026-10-08T17:49:17.1427001Z git version 2.55.0
2026-10-08T17:49:17.1442790Z ##[endgroup]
2026-10-08T17:49:17.1454146Z Temporarily overriding HOME='/home/runner/work/_temp/dfc9ba14-b452-4322-a0c2-61427ccfdd87' before making global git config changes
2026-10-08T17:49:17.1463900Z Adding repository directory to the temporary git global config as a safe directory
2026-10-08T17:49:17.1485207Z [command]/usr/bin/git config --global --add safe.directory /home/runner/work/gamedesign-skills/gamedesign-skills
2026-10-08T17:49:17.1561475Z Deleting the contents of '/home/runner/work/gamedesign-skills/gamedesign-skills'
2026-10-08T17:49:17.1571196Z ##[group]Determining repository object format
2026-10-08T17:49:17.1572621Z ##[endgroup]
2026-10-08T17:49:17.1573775Z ##[group]Initializing the repository
2026-10-08T17:49:17.1575551Z [command]/usr/bin/git init /home/runner/work/gamedesign-skills/gamedesign-skills
2026-10-08T17:49:17.1889039Z hint: Using 'master' as the name for the initial branch. This default branch name
2026-10-08T17:49:17.1896712Z hint: will change to "main" in Git 3.0. To configure the initial branch name
2026-10-08T17:49:17.1898104Z hint: to use in all of your new repositories, which will suppress this warning,
2026-10-08T17:49:17.1899154Z hint: call:
2026-10-08T17:49:17.1899733Z hint:
2026-10-08T17:49:17.1900457Z hint: 	git config --global init.defaultBranch <name>
2026-10-08T17:49:17.1901319Z hint:
2026-10-08T17:49:17.1902144Z hint: Names commonly chosen instead of 'master' are 'main', 'trunk' and
2026-10-08T17:49:17.1903490Z hint: 'development'. The just-created branch can be renamed via this command:
2026-10-08T17:49:17.1904618Z hint:
2026-10-08T17:49:17.1905540Z hint: 	git branch -m <name>
2026-10-08T17:49:17.1906249Z hint:
2026-10-08T17:49:17.1907200Z hint: Disable this message with "git config set advice.defaultBranchName false"
2026-10-08T17:49:17.1908817Z Initialized empty Git repository in /home/runner/work/gamedesign-skills/gamedesign-skills/.git/
2026-10-08T17:49:17.1911608Z [command]/usr/bin/git remote add origin https://github.com/Muratovnik/gamedesign-skills
2026-10-08T17:49:17.2076320Z ##[endgroup]
2026-10-08T17:49:17.2077574Z ##[group]Disabling automatic garbage collection
2026-10-08T17:49:17.2078592Z [command]/usr/bin/git config --local gc.auto 0
2026-10-08T17:49:17.2160578Z ##[endgroup]
2026-10-08T17:49:17.2162072Z ##[group]Setting up auth
2026-10-08T17:49:17.2162840Z Removing SSH command configuration
2026-10-08T17:49:17.2166399Z [command]/usr/bin/git config --local --name-only --get-regexp core\.sshCommand
2026-10-08T17:49:17.2203360Z [command]/usr/bin/git submodule foreach --recursive sh -c "git config --local --name-only --get-regexp 'core\.sshCommand' && git config --local --unset-all 'core.sshCommand' || :"
2026-10-08T17:49:17.2694316Z Removing HTTP extra header
2026-10-08T17:49:17.2699290Z [command]/usr/bin/git config --local --name-only --get-regexp http\.https\:\/\/github\.com\/\.extraheader
2026-10-08T17:49:17.2730710Z [command]/usr/bin/git submodule foreach --recursive sh -c "git config --local --name-only --get-regexp 'http\.https\:\/\/github\.com\/\.extraheader' && git config --local --unset-all 'http.https://github.com/.extraheader' || :"
2026-10-08T17:49:17.2915273Z Removing includeIf entries pointing to credentials config files
2026-10-08T17:49:17.2919296Z [command]/usr/bin/git config --local --name-only --get-regexp ^includeIf\.gitdir:
2026-10-08T17:49:17.2948679Z [command]/usr/bin/git submodule foreach --recursive git config --local --show-origin --name-only --get-regexp remote.origin.url
2026-10-08T17:49:17.3142507Z [command]/usr/bin/git config --file /home/runner/work/_temp/git-credentials-6e79cb62-28be-4f97-a0c2-ff356b1d0d9e.config http.https://github.com/.extraheader AUTHORIZATION: basic ***
2026-10-08T17:49:17.3557114Z [command]/usr/bin/git config --local includeIf.gitdir:/home/runner/work/gamedesign-skills/gamedesign-skills/.git.path /home/runner/work/_temp/git-credentials-6e79cb62-28be-4f97-a0c2-ff356b1d0d9e.config
2026-10-08T17:49:17.3963475Z [command]/usr/bin/git config --local includeIf.gitdir:/home/runner/work/gamedesign-skills/gamedesign-skills/.git/worktrees/*.path /home/runner/work/_temp/git-credentials-6e79cb62-28be-4f97-a0c2-ff356b1d0d9e.config
2026-10-08T17:49:17.4905010Z [command]/usr/bin/git config --local includeIf.gitdir:/github/workspace/.git.path /github/runner_temp/git-credentials-6e79cb62-28be-4f97-a0c2-ff356b1d0d9e.config
2026-10-08T17:49:17.4953646Z [command]/usr/bin/git config --local includeIf.gitdir:/github/workspace/.git/worktrees/*.path /github/runner_temp/git-credentials-6e79cb62-28be-4f97-a0c2-ff356b1d0d9e.config
2026-10-08T17:49:17.5077922Z ##[endgroup]
2026-10-08T17:49:17.5079161Z ##[group]Fetching the repository
2026-10-08T17:49:17.5083289Z [command]/usr/bin/git -c protocol.version=2 fetch --no-tags --prune --no-recurse-submodules --depth=1 origin +a06f5336e5805c0cd84c924ca3aefdc658dc8401:refs/remotes/pull/2/merge
2026-10-08T17:49:18.2939970Z From https://github.com/Muratovnik/gamedesign-skills
2026-10-08T17:49:18.2941725Z  * [new ref]         a06f5336e5805c0cd84c924ca3aefdc658dc8401 -> pull/2/merge
2026-10-08T17:49:18.2945283Z ##[endgroup]
2026-10-08T17:49:18.2946806Z ##[group]Determining the checkout info
2026-10-08T17:49:18.2948415Z ##[endgroup]
2026-10-08T17:49:18.2949988Z [command]/usr/bin/git sparse-checkout disable
2026-10-08T17:49:18.3978316Z [command]/usr/bin/git config --local --unset-all extensions.worktreeConfig
2026-10-08T17:49:18.4196166Z ##[group]Checking out the ref
2026-10-08T17:49:18.4198174Z [command]/usr/bin/git checkout --progress --force refs/remotes/pull/2/merge
2026-10-08T17:49:18.5393878Z Note: switching to 'refs/remotes/pull/2/merge'.
2026-10-08T17:49:18.5395255Z 
2026-10-08T17:49:18.5396094Z You are in 'detached HEAD' state. You can look around, make experimental
2026-10-08T17:49:18.5397967Z changes and commit them, and you can discard any commits you make in this
2026-10-08T17:49:18.5399946Z state without impacting any branches by switching back to a branch.
2026-10-08T17:49:18.5401068Z 
2026-10-08T17:49:18.5401820Z If you want to create a new branch to retain commits you create, you may
2026-10-08T17:49:18.5403589Z do so (now or later) by using -c with the switch command. Example:
2026-10-08T17:49:18.5404653Z 
2026-10-08T17:49:18.5405130Z   git switch -c <new-branch-name>
2026-10-08T17:49:18.5406067Z 
2026-10-08T17:49:18.5406502Z Or undo this operation with:
2026-10-08T17:49:18.5407242Z 
2026-10-08T17:49:18.5407649Z   git switch -
2026-10-08T17:49:18.5408210Z 
2026-10-08T17:49:18.5409055Z Turn off this advice by setting config variable advice.detachedHead to false
2026-10-08T17:49:18.5410263Z 
2026-10-08T17:49:18.5411635Z HEAD is now at a06f533 Merge 1873993a6491b52fe8288c19837600a012e18d4d into a0db5af71146586cf861881670c991ad94d87e2b
2026-10-08T17:49:18.5589179Z ##[endgroup]
2026-10-08T17:49:18.5633760Z [command]/usr/bin/git log -1 --format=%H
2026-10-08T17:49:18.5660761Z a06f5336e5805c0cd84c924ca3aefdc658dc8401
2026-10-08T17:49:18.5669514Z ##[group]Removing auth
2026-10-08T17:49:18.5670916Z Removing SSH command configuration
2026-10-08T17:49:18.5672734Z [command]/usr/bin/git config --local --name-only --get-regexp core\.sshCommand
2026-10-08T17:49:18.5707103Z [command]/usr/bin/git submodule foreach --recursive sh -c "git config --local --name-only --get-regexp 'core\.sshCommand' && git config --local --unset-all 'core.sshCommand' || :"
2026-10-08T17:49:18.5896774Z Removing HTTP extra header
2026-10-08T17:49:18.5899865Z [command]/usr/bin/git config --local --name-only --get-regexp http\.https\:\/\/github\.com\/\.extraheader
2026-10-08T17:49:18.5934727Z [command]/usr/bin/git submodule foreach --recursive sh -c "git config --local --name-only --get-regexp 'http\.https\:\/\/github\.com\/\.extraheader' && git config --local --unset-all 'http.https://github.com/.extraheader' || :"
2026-10-08T17:49:18.6129692Z Removing includeIf entries pointing to credentials config files
2026-10-08T17:49:18.6132276Z [command]/usr/bin/git config --local --name-only --get-regexp ^includeIf\.gitdir:
2026-10-08T17:49:18.6158417Z includeif.gitdir:/home/runner/work/gamedesign-skills/gamedesign-skills/.git.path
2026-10-08T17:49:18.6161384Z includeif.gitdir:/home/runner/work/gamedesign-skills/gamedesign-skills/.git/worktrees/*.path
2026-10-08T17:49:18.6163865Z includeif.gitdir:/github/workspace/.git.path
2026-10-08T17:49:18.6165861Z includeif.gitdir:/github/workspace/.git/worktrees/*.path
2026-10-08T17:49:18.6170439Z [command]/usr/bin/git config --local --get-all includeif.gitdir:/home/runner/work/gamedesign-skills/gamedesign-skills/.git.path
2026-10-08T17:49:18.6198556Z /home/runner/work/_temp/git-credentials-6e79cb62-28be-4f97-a0c2-ff356b1d0d9e.config
2026-10-08T17:49:18.6203171Z [command]/usr/bin/git config --local --unset includeif.gitdir:/home/runner/work/gamedesign-skills/gamedesign-skills/.git.path \/home\/runner\/work\/_temp\/git\-credentials\-6e79cb62\-28be\-4f97\-a0c2\-ff356b1d0d9e\.config
2026-10-08T17:49:18.6238784Z [command]/usr/bin/git config --local --get-all includeif.gitdir:/home/runner/work/gamedesign-skills/gamedesign-skills/.git/worktrees/*.path
2026-10-08T17:49:18.6262719Z /home/runner/work/_temp/git-credentials-6e79cb62-28be-4f97-a0c2-ff356b1d0d9e.config
2026-10-08T17:49:18.6269387Z [command]/usr/bin/git config --local --unset includeif.gitdir:/home/runner/work/gamedesign-skills/gamedesign-skills/.git/worktrees/*.path \/home\/runner\/work\/_temp\/git\-credentials\-6e79cb62\-28be\-4f97\-a0c2\-ff356b1d0d9e\.config
2026-10-08T17:49:18.6299569Z [command]/usr/bin/git config --local --get-all includeif.gitdir:/github/workspace/.git.path
2026-10-08T17:49:18.6321908Z /github/runner_temp/git-credentials-6e79cb62-28be-4f97-a0c2-ff356b1d0d9e.config
2026-10-08T17:49:18.6330420Z [command]/usr/bin/git config --local --unset includeif.gitdir:/github/workspace/.git.path \/github\/runner_temp\/git\-credentials\-6e79cb62\-28be\-4f97\-a0c2\-ff356b1d0d9e\.config
2026-10-08T17:49:18.6362177Z [command]/usr/bin/git config --local --get-all includeif.gitdir:/github/workspace/.git/worktrees/*.path
2026-10-08T17:49:18.6384840Z /github/runner_temp/git-credentials-6e79cb62-28be-4f97-a0c2-ff356b1d0d9e.config
2026-10-08T17:49:18.6429709Z [command]/usr/bin/git config --local --unset includeif.gitdir:/github/workspace/.git/worktrees/*.path \/github\/runner_temp\/git\-credentials\-6e79cb62\-28be\-4f97\-a0c2\-ff356b1d0d9e\.config
2026-10-08T17:49:18.6467972Z [command]/usr/bin/git submodule foreach --recursive git config --local --show-origin --name-only --get-regexp remote.origin.url
2026-10-08T17:49:18.6648667Z Removing credentials config '/home/runner/work/_temp/git-credentials-6e79cb62-28be-4f97-a0c2-ff356b1d0d9e.config'
2026-10-08T17:49:18.6656031Z ##[endgroup]
2026-10-08T17:49:18.7012093Z ##[group]Run actions/setup-python@5fda3b95a4ea91299a34e894583c3862153e4b97
2026-10-08T17:49:18.7013344Z with:
2026-10-08T17:49:18.7014006Z   python-version: 3.12
2026-10-08T17:49:18.7014781Z   check-latest: false
2026-10-08T17:49:18.7021888Z   token: ***
2026-10-08T17:49:18.7022607Z   update-environment: true
2026-10-08T17:49:18.7023428Z   allow-prereleases: false
2026-10-08T17:49:18.7024229Z   freethreaded: false
2026-10-08T17:49:18.7024949Z ##[endgroup]
2026-10-08T17:49:18.7960769Z ##[group]Installed versions
2026-10-08T17:49:18.8021411Z Successfully set up CPython (3.12.15)
2026-10-08T17:49:18.8023051Z ##[endgroup]
2026-10-08T17:49:18.8186073Z ##[group]Run python -m pip install -r requirements-dev.txt -r skills/game-systems-design/scripts/requirements.txt numpy==2.3.5
2026-10-08T17:49:18.8188775Z [36;1mpython -m pip install -r requirements-dev.txt -r skills/game-systems-design/scripts/requirements.txt numpy==2.3.5[0m
2026-10-08T17:49:18.8447222Z shell: /usr/bin/bash -e {0}
2026-10-08T17:49:18.8448083Z env:
2026-10-08T17:49:18.8448941Z   pythonLocation: /opt/hostedtoolcache/Python/3.12.15/x64
2026-10-08T17:49:18.8450323Z   PKG_CONFIG_PATH: /opt/hostedtoolcache/Python/3.12.15/x64/lib/pkgconfig
2026-10-08T17:49:18.8451741Z   Python_ROOT_DIR: /opt/hostedtoolcache/Python/3.12.15/x64
2026-10-08T17:49:18.8452986Z   Python2_ROOT_DIR: /opt/hostedtoolcache/Python/3.12.15/x64
2026-10-08T17:49:18.8454227Z   Python3_ROOT_DIR: /opt/hostedtoolcache/Python/3.12.15/x64
2026-10-08T17:49:18.8455773Z   LD_LIBRARY_PATH: /opt/hostedtoolcache/Python/3.12.15/x64/lib
2026-10-08T17:49:18.8456891Z ##[endgroup]
2026-10-08T17:49:19.8130955Z Collecting numpy==2.3.5
2026-10-08T17:49:19.8532800Z   Downloading numpy-2.3.5-cp312-cp312-manylinux_2_27_x86_64.manylinux_2_28_x86_64.whl.metadata (62 kB)
2026-10-08T17:49:19.8990175Z Collecting PyYAML==6.0.3 (from -r requirements-dev.txt (line 2))
2026-10-08T17:49:19.9027178Z   Downloading pyyaml-6.0.3-cp312-cp312-manylinux2014_x86_64.manylinux_2_17_x86_64.manylinux_2_28_x86_64.whl.metadata (2.4 kB)
2026-10-08T17:49:19.9142962Z Collecting markdown-it-py==4.2.0 (from -r requirements-dev.txt (line 3))
2026-10-08T17:49:19.9175313Z   Downloading markdown_it_py-4.2.0-py3-none-any.whl.metadata (7.4 kB)
2026-10-08T17:49:19.9358349Z Collecting jsonschema==4.26.0 (from -r requirements-dev.txt (line 4))
2026-10-08T17:49:19.9392125Z   Downloading jsonschema-4.26.0-py3-none-any.whl.metadata (7.6 kB)
2026-10-08T17:49:19.9527337Z Collecting attrs==26.1.0 (from -r requirements-dev.txt (line 5))
2026-10-08T17:49:19.9561669Z   Downloading attrs-26.1.0-py3-none-any.whl.metadata (8.8 kB)
2026-10-08T17:49:20.0000133Z Collecting jsonschema-specifications==2025.9.1 (from -r requirements-dev.txt (line 6))
2026-10-08T17:49:20.0037465Z   Downloading jsonschema_specifications-2025.9.1-py3-none-any.whl.metadata (2.9 kB)
2026-10-08T17:49:20.0203415Z Collecting mdurl==0.1.2 (from -r requirements-dev.txt (line 7))
2026-10-08T17:49:20.0238652Z   Downloading mdurl-0.1.2-py3-none-any.whl.metadata (1.6 kB)
2026-10-08T17:49:20.0396271Z Collecting referencing==0.37.0 (from -r requirements-dev.txt (line 8))
2026-10-08T17:49:20.0444554Z   Downloading referencing-0.37.0-py3-none-any.whl.metadata (2.8 kB)
2026-10-08T17:49:20.2413200Z Collecting rpds-py==2026.9.1 (from -r requirements-dev.txt (line 9))
2026-10-08T17:49:20.2451464Z   Downloading rpds_py-2026.9.1-cp312-cp312-manylinux_2_17_x86_64.manylinux2014_x86_64.whl.metadata (4.1 kB)
2026-10-08T17:49:20.2580712Z Collecting typing-extensions==4.16.0 (from -r requirements-dev.txt (line 10))
2026-10-08T17:49:20.2612880Z   Downloading typing_extensions-4.16.0-py3-none-any.whl.metadata (3.3 kB)
2026-10-08T17:49:20.3625666Z Collecting scipy==1.17.0 (from -r skills/game-systems-design/scripts/requirements.txt (line 2))
2026-10-08T17:49:20.3670192Z   Downloading scipy-1.17.0-cp312-cp312-manylinux_2_27_x86_64.manylinux_2_28_x86_64.whl.metadata (62 kB)
2026-10-08T17:49:20.4103596Z Downloading numpy-2.3.5-cp312-cp312-manylinux_2_27_x86_64.manylinux_2_28_x86_64.whl (16.6 MB)
2026-10-08T17:49:20.5740090Z    ━━━━━━━━━━━━━━━━━━━━━━━━━━━━━━━━━━━━━━━━ 16.6/16.6 MB 103.7 MB/s  0:00:00
2026-10-08T17:49:20.5782627Z Downloading pyyaml-6.0.3-cp312-cp312-manylinux2014_x86_64.manylinux_2_17_x86_64.manylinux_2_28_x86_64.whl (807 kB)
2026-10-08T17:49:20.5829582Z    ━━━━━━━━━━━━━━━━━━━━━━━━━━━━━━━━━━━━━━━━ 807.9/807.9 kB 189.5 MB/s  0:00:00
2026-10-08T17:49:20.5870656Z Downloading markdown_it_py-4.2.0-py3-none-any.whl (91 kB)
2026-10-08T17:49:20.5923404Z Downloading mdurl-0.1.2-py3-none-any.whl (10.0 kB)
2026-10-08T17:49:20.5973679Z Downloading jsonschema-4.26.0-py3-none-any.whl (90 kB)
2026-10-08T17:49:20.6028227Z Downloading attrs-26.1.0-py3-none-any.whl (67 kB)
2026-10-08T17:49:20.6087258Z Downloading jsonschema_specifications-2025.9.1-py3-none-any.whl (18 kB)
2026-10-08T17:49:20.6140888Z Downloading referencing-0.37.0-py3-none-any.whl (26 kB)
2026-10-08T17:49:20.6344484Z Downloading rpds_py-2026.9.1-cp312-cp312-manylinux_2_17_x86_64.manylinux2014_x86_64.whl (371 kB)
2026-10-08T17:49:20.6403713Z Downloading typing_extensions-4.16.0-py3-none-any.whl (45 kB)
2026-10-08T17:49:20.6511962Z Downloading scipy-1.17.0-cp312-cp312-manylinux_2_27_x86_64.manylinux_2_28_x86_64.whl (35.0 MB)
2026-10-08T17:49:21.0384222Z    ━━━━━━━━━━━━━━━━━━━━━━━━━━━━━━━━━━━━━━━━ 35.0/35.0 MB 90.4 MB/s  0:00:00
2026-10-08T17:49:21.2288517Z Installing collected packages: typing-extensions, rpds-py, PyYAML, numpy, mdurl, attrs, scipy, referencing, markdown-it-py, jsonschema-specifications, jsonschema
2026-10-08T17:49:26.3059990Z 
2026-10-08T17:49:26.3073310Z Successfully installed PyYAML-6.0.3 attrs-26.1.0 jsonschema-4.26.0 jsonschema-specifications-2025.9.1 markdown-it-py-4.2.0 mdurl-0.1.2 numpy-2.3.5 referencing-0.37.0 rpds-py-2026.9.1 scipy-1.17.0 typing-extensions-4.16.0
2026-10-08T17:49:26.3708165Z ##[group]Run mkdir "$RUNNER_TEMP/gltf-tools" "$RUNNER_TEMP/ink-deps"
2026-10-08T17:49:26.3708576Z [36;1mmkdir "$RUNNER_TEMP/gltf-tools" "$RUNNER_TEMP/ink-deps"[0m
2026-10-08T17:49:26.3709067Z [36;1mcp skills/game-design/scripts/validate_gltf.cjs skills/game-design/scripts/package*.json "$RUNNER_TEMP/gltf-tools/"[0m
2026-10-08T17:49:26.3709631Z [36;1mcp skills/game-world-narrative-design/scripts/package*.json "$RUNNER_TEMP/ink-deps/"[0m
2026-10-08T17:49:26.3710338Z [36;1mnpm ci --prefix "$RUNNER_TEMP/gltf-tools" --ignore-scripts --no-audit --no-fund[0m
2026-10-08T17:49:26.3710790Z [36;1mnpm ci --prefix "$RUNNER_TEMP/ink-deps" --ignore-scripts --no-audit --no-fund[0m
2026-10-08T17:49:26.3711108Z [36;1mnode --version[0m
2026-10-08T17:49:26.3767041Z shell: /usr/bin/bash -e {0}
2026-10-08T17:49:26.3767245Z env:
2026-10-08T17:49:26.3767461Z   pythonLocation: /opt/hostedtoolcache/Python/3.12.15/x64
2026-10-08T17:49:26.3767854Z   PKG_CONFIG_PATH: /opt/hostedtoolcache/Python/3.12.15/x64/lib/pkgconfig
2026-10-08T17:49:26.3768197Z   Python_ROOT_DIR: /opt/hostedtoolcache/Python/3.12.15/x64
2026-10-08T17:49:26.3768495Z   Python2_ROOT_DIR: /opt/hostedtoolcache/Python/3.12.15/x64
2026-10-08T17:49:26.3768788Z   Python3_ROOT_DIR: /opt/hostedtoolcache/Python/3.12.15/x64
2026-10-08T17:49:26.3769079Z   LD_LIBRARY_PATH: /opt/hostedtoolcache/Python/3.12.15/x64/lib
2026-10-08T17:49:26.3769332Z ##[endgroup]
2026-10-08T17:49:28.8159774Z 
2026-10-08T17:49:28.8160366Z added 1 package in 2s
2026-10-08T17:49:29.2624945Z 
2026-10-08T17:49:29.2625539Z added 1 package in 376ms
2026-10-08T17:49:29.2728445Z v22.23.3
2026-10-08T17:49:29.2766367Z ##[group]Run python -B -m unittest discover -s examples/strategy-matrix -p 'test_*.py' -v
2026-10-08T17:49:29.2766872Z [36;1mpython -B -m unittest discover -s examples/strategy-matrix -p 'test_*.py' -v[0m
2026-10-08T17:49:29.2822462Z shell: /usr/bin/bash -e {0}
2026-10-08T17:49:29.2822668Z env:
2026-10-08T17:49:29.2822889Z   pythonLocation: /opt/hostedtoolcache/Python/3.12.15/x64
2026-10-08T17:49:29.2823245Z   PKG_CONFIG_PATH: /opt/hostedtoolcache/Python/3.12.15/x64/lib/pkgconfig
2026-10-08T17:49:29.2823592Z   Python_ROOT_DIR: /opt/hostedtoolcache/Python/3.12.15/x64
2026-10-08T17:49:29.2823891Z   Python2_ROOT_DIR: /opt/hostedtoolcache/Python/3.12.15/x64
2026-10-08T17:49:29.2824186Z   Python3_ROOT_DIR: /opt/hostedtoolcache/Python/3.12.15/x64
2026-10-08T17:49:29.2824481Z   LD_LIBRARY_PATH: /opt/hostedtoolcache/Python/3.12.15/x64/lib
2026-10-08T17:49:29.2824754Z ##[endgroup]
2026-10-08T17:49:29.8016496Z test_dense_action_limit_has_a_valid_neighbor (test_zero_sum.ZeroSumCLI.test_dense_action_limit_has_a_valid_neighbor) ... ok
2026-10-08T17:49:29.9683983Z test_empty_and_misaligned_axes_are_invalid (test_zero_sum.ZeroSumCLI.test_empty_and_misaligned_axes_are_invalid) ... ok
2026-10-08T17:49:30.0018774Z test_existing_output_is_preserved_byte_for_byte (test_zero_sum.ZeroSumCLI.test_existing_output_is_preserved_byte_for_byte) ... ok
2026-10-08T17:49:30.1695643Z test_general_sum_and_undeclared_utility_are_invalid (test_zero_sum.ZeroSumCLI.test_general_sum_and_undeclared_utility_are_invalid) ... ok
2026-10-08T17:49:30.5462691Z test_intended_dominance_is_a_valid_calculation (test_zero_sum.ZeroSumCLI.test_intended_dominance_is_a_valid_calculation) ... ok
2026-10-08T17:49:30.7503212Z test_malformed_json_and_wrong_top_level_are_invalid (test_zero_sum.ZeroSumCLI.test_malformed_json_and_wrong_top_level_are_invalid) ... ok
2026-10-08T17:49:30.9199273Z test_missing_context_and_ambiguous_axis_names_are_invalid (test_zero_sum.ZeroSumCLI.test_missing_context_and_ambiguous_axis_names_are_invalid) ... ok
2026-10-08T17:49:30.9536378Z test_missing_optional_dependency_is_unavailable_evidence (test_zero_sum.ZeroSumCLI.test_missing_optional_dependency_is_unavailable_evidence) ... ok
2026-10-08T17:49:31.3457742Z test_negative_rectangular_model_has_the_correct_value (test_zero_sum.ZeroSumCLI.test_negative_rectangular_model_has_the_correct_value) ... ok
2026-10-08T17:49:31.6546809Z test_nonfinite_boolean_and_nonnumeric_payoffs_are_invalid (test_zero_sum.ZeroSumCLI.test_nonfinite_boolean_and_nonnumeric_payoffs_are_invalid) ... ok
2026-10-08T17:49:32.0362143Z test_permuting_named_axes_preserves_each_actions_probability (test_zero_sum.ZeroSumCLI.test_permuting_named_axes_preserves_each_actions_probability) ... ok
2026-10-08T17:49:33.5659877Z test_positive_affine_changes_preserve_mixture_and_change_value (test_zero_sum.ZeroSumCLI.test_positive_affine_changes_preserve_mixture_and_change_value) ... ok
2026-10-08T17:49:33.9501550Z test_rectangular_game_with_multiple_optima_does_not_require_one_column_mixture (test_zero_sum.ZeroSumCLI.test_rectangular_game_with_multiple_optima_does_not_require_one_column_mixture) ... ok
2026-10-08T17:49:35.4877386Z test_singleton_and_one_sided_choices_are_valid_limited_results (test_zero_sum.ZeroSumCLI.test_singleton_and_one_sided_choices_are_valid_limited_results) ... ok
2026-10-08T17:49:35.8753220Z test_solver_failure_status_remains_unavailable_evidence (test_zero_sum.ZeroSumCLI.test_solver_failure_status_remains_unavailable_evidence) ... ok
2026-10-08T17:49:37.4022278Z test_solver_success_cannot_hide_wrong_bounds_or_probability_residuals (test_zero_sum.ZeroSumCLI.test_solver_success_cannot_hide_wrong_bounds_or_probability_residuals) ... ok
2026-10-08T17:49:37.7876696Z test_unequal_cycle_matches_exact_rational_mixture (test_zero_sum.ZeroSumCLI.test_unequal_cycle_matches_exact_rational_mixture) ... ok
2026-10-08T17:49:38.2003729Z test_unqualified_dependency_version_is_reported (test_zero_sum.ZeroSumCLI.test_unqualified_dependency_version_is_reported) ... ok
2026-10-08T17:49:38.2004511Z 
2026-10-08T17:49:38.2005039Z ----------------------------------------------------------------------
2026-10-08T17:49:38.2005527Z Ran 18 tests in 8.831s
2026-10-08T17:49:38.2005678Z 
2026-10-08T17:49:38.2005743Z OK
2026-10-08T17:49:38.2136092Z ##[group]Run node --test examples/gltf-artifacts/test_validation.cjs
2026-10-08T17:49:38.2136512Z [36;1mnode --test examples/gltf-artifacts/test_validation.cjs[0m
2026-10-08T17:49:38.2192123Z shell: /usr/bin/bash -e {0}
2026-10-08T17:49:38.2192329Z env:
2026-10-08T17:49:38.2192548Z   pythonLocation: /opt/hostedtoolcache/Python/3.12.15/x64
2026-10-08T17:49:38.2192897Z   PKG_CONFIG_PATH: /opt/hostedtoolcache/Python/3.12.15/x64/lib/pkgconfig
2026-10-08T17:49:38.2193241Z   Python_ROOT_DIR: /opt/hostedtoolcache/Python/3.12.15/x64
2026-10-08T17:49:38.2193552Z   Python2_ROOT_DIR: /opt/hostedtoolcache/Python/3.12.15/x64
2026-10-08T17:49:38.2193864Z   Python3_ROOT_DIR: /opt/hostedtoolcache/Python/3.12.15/x64
2026-10-08T17:49:38.2194159Z   LD_LIBRARY_PATH: /opt/hostedtoolcache/Python/3.12.15/x64/lib
2026-10-08T17:49:38.2194485Z   GD_GLTF_SCRIPT: /home/runner/work/_temp/gltf-tools/validate_gltf.cjs
2026-10-08T17:49:38.2194763Z ##[endgroup]
2026-10-08T17:49:38.2612021Z TAP version 13
2026-10-08T17:49:38.3649258Z # Subtest: the real validator accepts GLTF, GLB, empty and camera-only artifacts
2026-10-08T17:49:38.3649989Z     # Subtest: signal-wedge.gltf
2026-10-08T17:49:38.3656678Z     ok 1 - signal-wedge.gltf
2026-10-08T17:49:38.3657001Z       ---
2026-10-08T17:49:38.3657243Z       duration_ms: 72.214518
2026-10-08T17:49:38.3657538Z       type: 'test'
2026-10-08T17:49:38.3657755Z       ...
2026-10-08T17:49:38.4430923Z     # Subtest: signal-wedge.glb
2026-10-08T17:49:38.4431570Z     ok 2 - signal-wedge.glb
2026-10-08T17:49:38.4432039Z       ---
2026-10-08T17:49:38.4432293Z       duration_ms: 78.153348
2026-10-08T17:49:38.4432586Z       type: 'test'
2026-10-08T17:49:38.4432879Z       ...
2026-10-08T17:49:38.5067197Z     # Subtest: empty.gltf
2026-10-08T17:49:38.5068097Z     ok 3 - empty.gltf
2026-10-08T17:49:38.5068664Z       ---
2026-10-08T17:49:38.5068925Z       duration_ms: 63.320809
2026-10-08T17:49:38.5069227Z       type: 'test'
2026-10-08T17:49:38.5069464Z       ...
2026-10-08T17:49:38.5682256Z     # Subtest: camera.gltf
2026-10-08T17:49:38.5683330Z     ok 4 - camera.gltf
2026-10-08T17:49:38.5683792Z       ---
2026-10-08T17:49:38.5684032Z       duration_ms: 61.39369
2026-10-08T17:49:38.5684469Z       type: 'test'
2026-10-08T17:49:38.5684728Z       ...
2026-10-08T17:49:38.5696011Z     1..4
2026-10-08T17:49:38.5696789Z ok 1 - the real validator accepts GLTF, GLB, empty and camera-only artifacts
2026-10-08T17:49:38.5697290Z   ---
2026-10-08T17:49:38.5697535Z   duration_ms: 276.352627
2026-10-08T17:49:38.5697808Z   type: 'test'
2026-10-08T17:49:38.5698030Z   ...
2026-10-08T17:49:38.6356617Z # Subtest: an accessor requiring four VEC3 values cannot fit the fixture's three values
2026-10-08T17:49:38.6357883Z ok 2 - an accessor requiring four VEC3 values cannot fit the fixture's three values
2026-10-08T17:49:38.6358645Z   ---
2026-10-08T17:49:38.6359022Z   duration_ms: 67.361003
2026-10-08T17:49:38.6359462Z   type: 'test'
2026-10-08T17:49:38.6359812Z   ...
2026-10-08T17:49:38.8980019Z # Subtest: recognized invalid JSON is refuted; unrecognized or absent bytes are unavailable
2026-10-08T17:49:38.8980930Z ok 3 - recognized invalid JSON is refuted; unrecognized or absent bytes are unavailable
2026-10-08T17:49:38.8981461Z   ---
2026-10-08T17:49:38.8981695Z   duration_ms: 261.90376
2026-10-08T17:49:38.8981946Z   type: 'test'
2026-10-08T17:49:38.8982161Z   ...
2026-10-08T17:49:39.0305558Z # Subtest: explicit local sidecars are read and identified; missing permission is unavailable
2026-10-08T17:49:39.0306421Z ok 4 - explicit local sidecars are read and identified; missing permission is unavailable
2026-10-08T17:49:39.0306925Z   ---
2026-10-08T17:49:39.0307123Z   duration_ms: 132.580749
2026-10-08T17:49:39.0307314Z   type: 'test'
2026-10-08T17:49:39.0307467Z   ...
2026-10-08T17:49:39.0959627Z # Subtest: a missing buffer remains unavailable even though the validator emits an IO_ERROR
2026-10-08T17:49:39.0960742Z ok 5 - a missing buffer remains unavailable even though the validator emits an IO_ERROR
2026-10-08T17:49:39.0961737Z   ---
2026-10-08T17:49:39.0961995Z   duration_ms: 66.707591
2026-10-08T17:49:39.0962290Z   type: 'test'
2026-10-08T17:49:39.0962528Z   ...
2026-10-08T17:49:39.2329484Z # Subtest: remote URIs are denied without contacting an available HTTP server
2026-10-08T17:49:39.2333847Z ok 6 - remote URIs are denied without contacting an available HTTP server
2026-10-08T17:49:39.2347225Z   ---
2026-10-08T17:49:39.2347830Z   duration_ms: 137.019306
2026-10-08T17:49:39.2348418Z   type: 'test'
2026-10-08T17:49:39.2348761Z   ...
2026-10-08T17:49:39.4433154Z # Subtest: plain, encoded, and same-prefix outside-root paths are denied
2026-10-08T17:49:39.4433733Z ok 7 - plain, encoded, and same-prefix outside-root paths are denied
2026-10-08T17:49:39.4434036Z   ---
2026-10-08T17:49:39.4434207Z   duration_ms: 210.363787
2026-10-08T17:49:39.4434401Z   type: 'test'
2026-10-08T17:49:39.4434568Z   ...
2026-10-08T17:49:39.6121915Z # Subtest: realpath containment rejects escaping symlinks and accepts an in-root symlink
2026-10-08T17:49:39.6122608Z ok 8 - realpath containment rejects escaping symlinks and accepts an in-root symlink
2026-10-08T17:49:39.6122935Z   ---
2026-10-08T17:49:39.6123110Z   duration_ms: 168.914866
2026-10-08T17:49:39.6123302Z   type: 'test'
2026-10-08T17:49:39.6123472Z   ...
2026-10-08T17:49:39.6845755Z # Subtest: URI decoding preserves a permitted local filename
2026-10-08T17:49:39.6846522Z ok 9 - URI decoding preserves a permitted local filename
2026-10-08T17:49:39.6847218Z   ---
2026-10-08T17:49:39.6847561Z   duration_ms: 70.924108
2026-10-08T17:49:39.6847862Z   type: 'test'
2026-10-08T17:49:39.6848132Z   ...
2026-10-08T17:49:39.7449058Z # Subtest: unsupported extension coverage cannot become a pass through zero errors
2026-10-08T17:49:39.7450105Z ok 10 - unsupported extension coverage cannot become a pass through zero errors
2026-10-08T17:49:39.7450723Z   ---
2026-10-08T17:49:39.7451025Z   duration_ms: 61.614479
2026-10-08T17:49:39.7451489Z   type: 'test'
2026-10-08T17:49:39.7451775Z   ...
2026-10-08T17:49:39.9399242Z # Subtest: a report reopens as the full receipt and cannot overwrite an existing file or symlink
2026-10-08T17:49:39.9400127Z ok 11 - a report reopens as the full receipt and cannot overwrite an existing file or symlink
2026-10-08T17:49:39.9400681Z   ---
2026-10-08T17:49:39.9400918Z   duration_ms: 194.883993
2026-10-08T17:49:39.9401124Z   type: 'test'
2026-10-08T17:49:39.9401291Z   ...
2026-10-08T17:49:39.9981181Z # Subtest: a report may not use the input path, including a currently missing input
2026-10-08T17:49:39.9982037Z ok 12 - a report may not use the input path, including a currently missing input
2026-10-08T17:49:39.9982526Z   ---
2026-10-08T17:49:39.9983258Z   duration_ms: 58.244483
2026-10-08T17:49:39.9983529Z   type: 'test'
2026-10-08T17:49:39.9983758Z   ...
2026-10-08T17:49:40.0651174Z # Subtest: competing writers publish one complete report without replacement
2026-10-08T17:49:40.0651891Z ok 13 - competing writers publish one complete report without replacement
2026-10-08T17:49:40.0653188Z   ---
2026-10-08T17:49:40.0653388Z   duration_ms: 66.848851
2026-10-08T17:49:40.0653595Z   type: 'test'
2026-10-08T17:49:40.0653763Z   ...
2026-10-08T17:49:40.1490588Z # Subtest: missing inputs reached through directory aliases or dangling links remain absent
2026-10-08T17:49:40.1491475Z ok 14 - missing inputs reached through directory aliases or dangling links remain absent
2026-10-08T17:49:40.1491822Z   ---
2026-10-08T17:49:40.1491997Z   duration_ms: 83.847284
2026-10-08T17:49:40.1492259Z   type: 'test'
2026-10-08T17:49:40.1492502Z   ...
2026-10-08T17:49:40.1821102Z # Subtest: a missing adjacent dependency is unavailable and is not replaced by an ambient install
2026-10-08T17:49:40.1822102Z ok 15 - a missing adjacent dependency is unavailable and is not replaced by an ambient install
2026-10-08T17:49:40.1822665Z   ---
2026-10-08T17:49:40.1822915Z   duration_ms: 33.204858
2026-10-08T17:49:40.1823214Z   type: 'test'
2026-10-08T17:49:40.1823451Z   ...
2026-10-08T17:49:40.1925214Z 1..15
2026-10-08T17:49:40.1926073Z # tests 19
2026-10-08T17:49:40.1926331Z # suites 0
2026-10-08T17:49:40.1926594Z # pass 19
2026-10-08T17:49:40.1926834Z # fail 0
2026-10-08T17:49:40.1927077Z # cancelled 0
2026-10-08T17:49:40.1927333Z # skipped 0
2026-10-08T17:49:40.1927581Z # todo 0
2026-10-08T17:49:40.1927834Z # duration_ms 1941.360752
2026-10-08T17:49:40.2003280Z ##[group]Run node --test examples/ink-episode/test_ink_artifact.cjs
2026-10-08T17:49:40.2003658Z [36;1mnode --test examples/ink-episode/test_ink_artifact.cjs[0m
2026-10-08T17:49:40.2059609Z shell: /usr/bin/bash -e {0}
2026-10-08T17:49:40.2059817Z env:
2026-10-08T17:49:40.2060038Z   pythonLocation: /opt/hostedtoolcache/Python/3.12.15/x64
2026-10-08T17:49:40.2060401Z   PKG_CONFIG_PATH: /opt/hostedtoolcache/Python/3.12.15/x64/lib/pkgconfig
2026-10-08T17:49:40.2060746Z   Python_ROOT_DIR: /opt/hostedtoolcache/Python/3.12.15/x64
2026-10-08T17:49:40.2061064Z   Python2_ROOT_DIR: /opt/hostedtoolcache/Python/3.12.15/x64
2026-10-08T17:49:40.2061362Z   Python3_ROOT_DIR: /opt/hostedtoolcache/Python/3.12.15/x64
2026-10-08T17:49:40.2061653Z   LD_LIBRARY_PATH: /opt/hostedtoolcache/Python/3.12.15/x64/lib
2026-10-08T17:49:40.2061967Z   INKJS_ROOT: /home/runner/work/_temp/ink-deps/node_modules/inkjs
2026-10-08T17:49:40.2062226Z ##[endgroup]
2026-10-08T17:49:40.2462949Z TAP version 13
2026-10-08T17:49:43.6940514Z # Subtest: real Ink source → saved JSON → explicit choice → native state → fresh resume → consequence
2026-10-08T17:49:43.6945053Z ok 1 - real Ink source → saved JSON → explicit choice → native state → fresh resume → consequence
2026-10-08T17:49:43.6946377Z   ---
2026-10-08T17:49:43.6956005Z   duration_ms: 418.699194
2026-10-08T17:49:43.6956514Z   type: 'test'
2026-10-08T17:49:43.6956945Z   ...
2026-10-08T17:49:43.6957567Z # Subtest: the same guard property refutes a runnable missing-guard mutant, while departure remains legitimate
2026-10-08T17:49:43.6958527Z ok 2 - the same guard property refutes a runnable missing-guard mutant, while departure remains legitimate
2026-10-08T17:49:43.6959144Z   ---
2026-10-08T17:49:43.6959393Z   duration_ms: 404.962005
2026-10-08T17:49:43.6959681Z   type: 'test'
2026-10-08T17:49:43.6959923Z   ...
2026-10-08T17:49:43.6960449Z # Subtest: a legal no-choice ending succeeds, but proves neither a required action nor an empty check set
2026-10-08T17:49:43.6961328Z ok 3 - a legal no-choice ending succeeds, but proves neither a required action nor an empty check set
2026-10-08T17:49:43.6961896Z   ---
2026-10-08T17:49:43.6962140Z   duration_ms: 433.896888
2026-10-08T17:49:43.6962419Z   type: 'test'
2026-10-08T17:49:43.6962648Z   ...
2026-10-08T17:49:43.6963155Z # Subtest: different compiled bytes, dependency identity or altered native state cannot silently resume
2026-10-08T17:49:43.6964389Z ok 4 - different compiled bytes, dependency identity or altered native state cannot silently resume
2026-10-08T17:49:43.6965000Z   ---
2026-10-08T17:49:43.6965241Z   duration_ms: 415.55929
2026-10-08T17:49:43.6965711Z   type: 'test'
2026-10-08T17:49:43.6965956Z   ...
2026-10-08T17:49:43.6966506Z # Subtest: ambiguous labels require a current index; unavailable and malformed indices never select a fallback
2026-10-08T17:49:43.6967425Z ok 5 - ambiguous labels require a current index; unavailable and malformed indices never select a fallback
2026-10-08T17:49:43.6968021Z   ---
2026-10-08T17:49:43.6968275Z   duration_ms: 379.8883
2026-10-08T17:49:43.6968554Z   type: 'test'
2026-10-08T17:49:43.6968790Z   ...
2026-10-08T17:49:43.6969375Z # Subtest: compiler and native runtime failures stay unavailable; INCLUDE and host calls have no resolver or binding
2026-10-08T17:49:43.6970357Z ok 6 - compiler and native runtime failures stay unavailable; INCLUDE and host calls have no resolver or binding
2026-10-08T17:49:43.6970990Z   ---
2026-10-08T17:49:43.6971230Z   duration_ms: 635.322107
2026-10-08T17:49:43.6971515Z   type: 'test'
2026-10-08T17:49:43.6971756Z   ...
2026-10-08T17:49:43.6972257Z # Subtest: continuation budget and worker deadline stop native loops without leaving a saved success
2026-10-08T17:49:43.6973082Z ok 7 - continuation budget and worker deadline stop native loops without leaving a saved success
2026-10-08T17:49:43.6973649Z   ---
2026-10-08T17:49:43.6973881Z   duration_ms: 478.753309
2026-10-08T17:49:43.6974161Z   type: 'test'
2026-10-08T17:49:43.6974404Z   ...
2026-10-08T17:49:43.6975156Z # Subtest: output collisions preserve existing files; stale or incomplete reports are not assessed
2026-10-08T17:49:43.6976271Z ok 8 - output collisions preserve existing files; stale or incomplete reports are not assessed
2026-10-08T17:49:43.6976801Z   ---
2026-10-08T17:49:43.6977017Z   duration_ms: 250.611564
2026-10-08T17:49:43.6977289Z   type: 'test'
2026-10-08T17:49:43.6977525Z   ...
2026-10-08T17:49:43.7055056Z 1..8
2026-10-08T17:49:43.7055309Z # tests 8
2026-10-08T17:49:43.7055668Z # suites 0
2026-10-08T17:49:43.7055947Z # pass 8
2026-10-08T17:49:43.7056286Z # fail 0
2026-10-08T17:49:43.7056563Z # cancelled 0
2026-10-08T17:49:43.7056868Z # skipped 0
2026-10-08T17:49:43.7057167Z # todo 0
2026-10-08T17:49:43.7057501Z # duration_ms 3468.419331
2026-10-08T17:49:43.7177361Z Post job cleanup.
2026-10-08T17:49:43.8262324Z Post job cleanup.
2026-10-08T17:49:43.8984008Z [command]/usr/bin/git version
2026-10-08T17:49:43.9027451Z git version 2.55.0
2026-10-08T17:49:43.9057146Z Temporarily overriding HOME='/home/runner/work/_temp/9ea8a21e-118f-442f-88a1-01bff08d0f4e' before making global git config changes
2026-10-08T17:49:43.9058173Z Adding repository directory to the temporary git global config as a safe directory
2026-10-08T17:49:43.9060291Z [command]/usr/bin/git config --global --add safe.directory /home/runner/work/gamedesign-skills/gamedesign-skills
2026-10-08T17:49:43.9088895Z Removing SSH command configuration
2026-10-08T17:49:43.9094738Z [command]/usr/bin/git config --local --name-only --get-regexp core\.sshCommand
2026-10-08T17:49:43.9127957Z [command]/usr/bin/git submodule foreach --recursive sh -c "git config --local --name-only --get-regexp 'core\.sshCommand' && git config --local --unset-all 'core.sshCommand' || :"
2026-10-08T17:49:43.9338551Z Removing HTTP extra header
2026-10-08T17:49:43.9343538Z [command]/usr/bin/git config --local --name-only --get-regexp http\.https\:\/\/github\.com\/\.extraheader
2026-10-08T17:49:43.9375103Z [command]/usr/bin/git submodule foreach --recursive sh -c "git config --local --name-only --get-regexp 'http\.https\:\/\/github\.com\/\.extraheader' && git config --local --unset-all 'http.https://github.com/.extraheader' || :"
2026-10-08T17:49:43.9583502Z Removing includeIf entries pointing to credentials config files
2026-10-08T17:49:43.9591340Z [command]/usr/bin/git config --local --name-only --get-regexp ^includeIf\.gitdir:
2026-10-08T17:49:43.9623704Z [command]/usr/bin/git submodule foreach --recursive git config --local --show-origin --name-only --get-regexp remote.origin.url
2026-10-08T17:49:43.9954668Z Cleaning up orphan processes

